<?xml version="1.0" encoding="ISO-8859-1" ?>
<link_info>
   <banner>MSP430 Linker PC v21.6.0.LTS</banner>
   <copyright>Copyright (c) 2003-2018 Texas Instruments Incorporated</copyright>
   <link_time>0x621899ef</link_time>
   <link_errors>0x0</link_errors>
   <output_file>my_clock.out</output_file>
   <entry_point>
      <name>_c_int00_noargs</name>
      <address>0x8292</address>
   </entry_point>
   <input_file_list>
      <input_file id="fl-2">
         <path>.\</path>
         <kind>object</kind>
         <file>key_button.obj</file>
         <name>key_button.obj</name>
      </input_file>
      <input_file id="fl-3">
         <path>.\</path>
         <kind>object</kind>
         <file>main.obj</file>
         <name>main.obj</name>
      </input_file>
      <input_file id="fl-4">
         <path>.\</path>
         <kind>object</kind>
         <file>min_malloc.obj</file>
         <name>min_malloc.obj</name>
      </input_file>
      <input_file id="fl-5">
         <path>.\</path>
         <kind>object</kind>
         <file>oled.obj</file>
         <name>oled.obj</name>
      </input_file>
      <input_file id="fl-b">
         <kind>object</kind>
         <file>&lt;internal&gt;</file>
         <name>&lt;internal&gt;</name>
      </input_file>
      <input_file id="fl-26">
         <path>D:\ccs\ccs\tools\compiler\ti-cgt-msp430_21.6.0.LTS\lib\</path>
         <kind>archive</kind>
         <file>rts430x_lc_rd_eabi.lib</file>
         <name>printf.c.obj</name>
      </input_file>
      <input_file id="fl-27">
         <path>D:\ccs\ccs\tools\compiler\ti-cgt-msp430_21.6.0.LTS\lib\</path>
         <kind>archive</kind>
         <file>rts430x_lc_rd_eabi.lib</file>
         <name>_printfi.c.obj</name>
      </input_file>
      <input_file id="fl-28">
         <path>D:\ccs\ccs\tools\compiler\ti-cgt-msp430_21.6.0.LTS\lib\</path>
         <kind>archive</kind>
         <file>rts430x_lc_rd_eabi.lib</file>
         <name>fputc.c.obj</name>
      </input_file>
      <input_file id="fl-29">
         <path>D:\ccs\ccs\tools\compiler\ti-cgt-msp430_21.6.0.LTS\lib\</path>
         <kind>archive</kind>
         <file>rts430x_lc_rd_eabi.lib</file>
         <name>fputs.c.obj</name>
      </input_file>
      <input_file id="fl-2a">
         <path>D:\ccs\ccs\tools\compiler\ti-cgt-msp430_21.6.0.LTS\lib\</path>
         <kind>archive</kind>
         <file>rts430x_lc_rd_eabi.lib</file>
         <name>_io_perm.c.obj</name>
      </input_file>
      <input_file id="fl-2b">
         <path>D:\ccs\ccs\tools\compiler\ti-cgt-msp430_21.6.0.LTS\lib\</path>
         <kind>archive</kind>
         <file>rts430x_lc_rd_eabi.lib</file>
         <name>setvbuf.c.obj</name>
      </input_file>
      <input_file id="fl-2c">
         <path>D:\ccs\ccs\tools\compiler\ti-cgt-msp430_21.6.0.LTS\lib\</path>
         <kind>archive</kind>
         <file>rts430x_lc_rd_eabi.lib</file>
         <name>div16s.asm.obj</name>
      </input_file>
      <input_file id="fl-2d">
         <path>D:\ccs\ccs\tools\compiler\ti-cgt-msp430_21.6.0.LTS\lib\</path>
         <kind>archive</kind>
         <file>rts430x_lc_rd_eabi.lib</file>
         <name>div16u.asm.obj</name>
      </input_file>
      <input_file id="fl-2e">
         <path>D:\ccs\ccs\tools\compiler\ti-cgt-msp430_21.6.0.LTS\lib\</path>
         <kind>archive</kind>
         <file>rts430x_lc_rd_eabi.lib</file>
         <name>div32u.asm.obj</name>
      </input_file>
      <input_file id="fl-2f">
         <path>D:\ccs\ccs\tools\compiler\ti-cgt-msp430_21.6.0.LTS\lib\</path>
         <kind>archive</kind>
         <file>rts430x_lc_rd_eabi.lib</file>
         <name>fs_add.asm.obj</name>
      </input_file>
      <input_file id="fl-30">
         <path>D:\ccs\ccs\tools\compiler\ti-cgt-msp430_21.6.0.LTS\lib\</path>
         <kind>archive</kind>
         <file>rts430x_lc_rd_eabi.lib</file>
         <name>fs_div.asm.obj</name>
      </input_file>
      <input_file id="fl-31">
         <path>D:\ccs\ccs\tools\compiler\ti-cgt-msp430_21.6.0.LTS\lib\</path>
         <kind>archive</kind>
         <file>rts430x_lc_rd_eabi.lib</file>
         <name>fs_ltof.asm.obj</name>
      </input_file>
      <input_file id="fl-32">
         <path>D:\ccs\ccs\tools\compiler\ti-cgt-msp430_21.6.0.LTS\lib\</path>
         <kind>archive</kind>
         <file>rts430x_lc_rd_eabi.lib</file>
         <name>fs_mpy.asm.obj</name>
      </input_file>
      <input_file id="fl-33">
         <path>D:\ccs\ccs\tools\compiler\ti-cgt-msp430_21.6.0.LTS\lib\</path>
         <kind>archive</kind>
         <file>rts430x_lc_rd_eabi.lib</file>
         <name>fs_toi.asm.obj</name>
      </input_file>
      <input_file id="fl-34">
         <path>D:\ccs\ccs\tools\compiler\ti-cgt-msp430_21.6.0.LTS\lib\</path>
         <kind>archive</kind>
         <file>rts430x_lc_rd_eabi.lib</file>
         <name>fs_utof.asm.obj</name>
      </input_file>
      <input_file id="fl-35">
         <path>D:\ccs\ccs\tools\compiler\ti-cgt-msp430_21.6.0.LTS\lib\</path>
         <kind>archive</kind>
         <file>rts430x_lc_rd_eabi.lib</file>
         <name>int37.asm.obj</name>
      </input_file>
      <input_file id="fl-36">
         <path>D:\ccs\ccs\tools\compiler\ti-cgt-msp430_21.6.0.LTS\lib\</path>
         <kind>archive</kind>
         <file>rts430x_lc_rd_eabi.lib</file>
         <name>int38.asm.obj</name>
      </input_file>
      <input_file id="fl-37">
         <path>D:\ccs\ccs\tools\compiler\ti-cgt-msp430_21.6.0.LTS\lib\</path>
         <kind>archive</kind>
         <file>rts430x_lc_rd_eabi.lib</file>
         <name>int39.asm.obj</name>
      </input_file>
      <input_file id="fl-38">
         <path>D:\ccs\ccs\tools\compiler\ti-cgt-msp430_21.6.0.LTS\lib\</path>
         <kind>archive</kind>
         <file>rts430x_lc_rd_eabi.lib</file>
         <name>int40.asm.obj</name>
      </input_file>
      <input_file id="fl-39">
         <path>D:\ccs\ccs\tools\compiler\ti-cgt-msp430_21.6.0.LTS\lib\</path>
         <kind>archive</kind>
         <file>rts430x_lc_rd_eabi.lib</file>
         <name>int41.asm.obj</name>
      </input_file>
      <input_file id="fl-3a">
         <path>D:\ccs\ccs\tools\compiler\ti-cgt-msp430_21.6.0.LTS\lib\</path>
         <kind>archive</kind>
         <file>rts430x_lc_rd_eabi.lib</file>
         <name>int42.asm.obj</name>
      </input_file>
      <input_file id="fl-3b">
         <path>D:\ccs\ccs\tools\compiler\ti-cgt-msp430_21.6.0.LTS\lib\</path>
         <kind>archive</kind>
         <file>rts430x_lc_rd_eabi.lib</file>
         <name>int43.asm.obj</name>
      </input_file>
      <input_file id="fl-3c">
         <path>D:\ccs\ccs\tools\compiler\ti-cgt-msp430_21.6.0.LTS\lib\</path>
         <kind>archive</kind>
         <file>rts430x_lc_rd_eabi.lib</file>
         <name>int44.asm.obj</name>
      </input_file>
      <input_file id="fl-3d">
         <path>D:\ccs\ccs\tools\compiler\ti-cgt-msp430_21.6.0.LTS\lib\</path>
         <kind>archive</kind>
         <file>rts430x_lc_rd_eabi.lib</file>
         <name>int45.asm.obj</name>
      </input_file>
      <input_file id="fl-3e">
         <path>D:\ccs\ccs\tools\compiler\ti-cgt-msp430_21.6.0.LTS\lib\</path>
         <kind>archive</kind>
         <file>rts430x_lc_rd_eabi.lib</file>
         <name>int46.asm.obj</name>
      </input_file>
      <input_file id="fl-3f">
         <path>D:\ccs\ccs\tools\compiler\ti-cgt-msp430_21.6.0.LTS\lib\</path>
         <kind>archive</kind>
         <file>rts430x_lc_rd_eabi.lib</file>
         <name>int47.asm.obj</name>
      </input_file>
      <input_file id="fl-40">
         <path>D:\ccs\ccs\tools\compiler\ti-cgt-msp430_21.6.0.LTS\lib\</path>
         <kind>archive</kind>
         <file>rts430x_lc_rd_eabi.lib</file>
         <name>int48.asm.obj</name>
      </input_file>
      <input_file id="fl-41">
         <path>D:\ccs\ccs\tools\compiler\ti-cgt-msp430_21.6.0.LTS\lib\</path>
         <kind>archive</kind>
         <file>rts430x_lc_rd_eabi.lib</file>
         <name>int49.asm.obj</name>
      </input_file>
      <input_file id="fl-42">
         <path>D:\ccs\ccs\tools\compiler\ti-cgt-msp430_21.6.0.LTS\lib\</path>
         <kind>archive</kind>
         <file>rts430x_lc_rd_eabi.lib</file>
         <name>int50.asm.obj</name>
      </input_file>
      <input_file id="fl-43">
         <path>D:\ccs\ccs\tools\compiler\ti-cgt-msp430_21.6.0.LTS\lib\</path>
         <kind>archive</kind>
         <file>rts430x_lc_rd_eabi.lib</file>
         <name>int51.asm.obj</name>
      </input_file>
      <input_file id="fl-44">
         <path>D:\ccs\ccs\tools\compiler\ti-cgt-msp430_21.6.0.LTS\lib\</path>
         <kind>archive</kind>
         <file>rts430x_lc_rd_eabi.lib</file>
         <name>int52.asm.obj</name>
      </input_file>
      <input_file id="fl-45">
         <path>D:\ccs\ccs\tools\compiler\ti-cgt-msp430_21.6.0.LTS\lib\</path>
         <kind>archive</kind>
         <file>rts430x_lc_rd_eabi.lib</file>
         <name>int55.asm.obj</name>
      </input_file>
      <input_file id="fl-46">
         <path>D:\ccs\ccs\tools\compiler\ti-cgt-msp430_21.6.0.LTS\lib\</path>
         <kind>archive</kind>
         <file>rts430x_lc_rd_eabi.lib</file>
         <name>int56.asm.obj</name>
      </input_file>
      <input_file id="fl-47">
         <path>D:\ccs\ccs\tools\compiler\ti-cgt-msp430_21.6.0.LTS\lib\</path>
         <kind>archive</kind>
         <file>rts430x_lc_rd_eabi.lib</file>
         <name>int57.asm.obj</name>
      </input_file>
      <input_file id="fl-48">
         <path>D:\ccs\ccs\tools\compiler\ti-cgt-msp430_21.6.0.LTS\lib\</path>
         <kind>archive</kind>
         <file>rts430x_lc_rd_eabi.lib</file>
         <name>int58.asm.obj</name>
      </input_file>
      <input_file id="fl-49">
         <path>D:\ccs\ccs\tools\compiler\ti-cgt-msp430_21.6.0.LTS\lib\</path>
         <kind>archive</kind>
         <file>rts430x_lc_rd_eabi.lib</file>
         <name>int59.asm.obj</name>
      </input_file>
      <input_file id="fl-4a">
         <path>D:\ccs\ccs\tools\compiler\ti-cgt-msp430_21.6.0.LTS\lib\</path>
         <kind>archive</kind>
         <file>rts430x_lc_rd_eabi.lib</file>
         <name>int60.asm.obj</name>
      </input_file>
      <input_file id="fl-4b">
         <path>D:\ccs\ccs\tools\compiler\ti-cgt-msp430_21.6.0.LTS\lib\</path>
         <kind>archive</kind>
         <file>rts430x_lc_rd_eabi.lib</file>
         <name>int61.asm.obj</name>
      </input_file>
      <input_file id="fl-4c">
         <path>D:\ccs\ccs\tools\compiler\ti-cgt-msp430_21.6.0.LTS\lib\</path>
         <kind>archive</kind>
         <file>rts430x_lc_rd_eabi.lib</file>
         <name>int62.asm.obj</name>
      </input_file>
      <input_file id="fl-4d">
         <path>D:\ccs\ccs\tools\compiler\ti-cgt-msp430_21.6.0.LTS\lib\</path>
         <kind>archive</kind>
         <file>rts430x_lc_rd_eabi.lib</file>
         <name>isr_trap.asm.obj</name>
      </input_file>
      <input_file id="fl-4e">
         <path>D:\ccs\ccs\tools\compiler\ti-cgt-msp430_21.6.0.LTS\lib\</path>
         <kind>archive</kind>
         <file>rts430x_lc_rd_eabi.lib</file>
         <name>mult16.asm.obj</name>
      </input_file>
      <input_file id="fl-4f">
         <path>D:\ccs\ccs\tools\compiler\ti-cgt-msp430_21.6.0.LTS\lib\</path>
         <kind>archive</kind>
         <file>rts430x_lc_rd_eabi.lib</file>
         <name>mult16_f5hw.asm.obj</name>
      </input_file>
      <input_file id="fl-50">
         <path>D:\ccs\ccs\tools\compiler\ti-cgt-msp430_21.6.0.LTS\lib\</path>
         <kind>archive</kind>
         <file>rts430x_lc_rd_eabi.lib</file>
         <name>mult1632_f5hw.asm.obj</name>
      </input_file>
      <input_file id="fl-51">
         <path>D:\ccs\ccs\tools\compiler\ti-cgt-msp430_21.6.0.LTS\lib\</path>
         <kind>archive</kind>
         <file>rts430x_lc_rd_eabi.lib</file>
         <name>mult32.asm.obj</name>
      </input_file>
      <input_file id="fl-52">
         <path>D:\ccs\ccs\tools\compiler\ti-cgt-msp430_21.6.0.LTS\lib\</path>
         <kind>archive</kind>
         <file>rts430x_lc_rd_eabi.lib</file>
         <name>mult32_f5hw.asm.obj</name>
      </input_file>
      <input_file id="fl-53">
         <path>D:\ccs\ccs\tools\compiler\ti-cgt-msp430_21.6.0.LTS\lib\</path>
         <kind>archive</kind>
         <file>rts430x_lc_rd_eabi.lib</file>
         <name>mult3264_f5hw.asm.obj</name>
      </input_file>
      <input_file id="fl-54">
         <path>D:\ccs\ccs\tools\compiler\ti-cgt-msp430_21.6.0.LTS\lib\</path>
         <kind>archive</kind>
         <file>rts430x_lc_rd_eabi.lib</file>
         <name>mult64_f5hw.asm.obj</name>
      </input_file>
      <input_file id="fl-55">
         <path>D:\ccs\ccs\tools\compiler\ti-cgt-msp430_21.6.0.LTS\lib\</path>
         <kind>archive</kind>
         <file>rts430x_lc_rd_eabi.lib</file>
         <name>boot.c.obj</name>
      </input_file>
      <input_file id="fl-56">
         <path>D:\ccs\ccs\tools\compiler\ti-cgt-msp430_21.6.0.LTS\lib\</path>
         <kind>archive</kind>
         <file>rts430x_lc_rd_eabi.lib</file>
         <name>autoinit.c.obj</name>
      </input_file>
      <input_file id="fl-57">
         <path>D:\ccs\ccs\tools\compiler\ti-cgt-msp430_21.6.0.LTS\lib\</path>
         <kind>archive</kind>
         <file>rts430x_lc_rd_eabi.lib</file>
         <name>copy_zero_init.c.obj</name>
      </input_file>
      <input_file id="fl-58">
         <path>D:\ccs\ccs\tools\compiler\ti-cgt-msp430_21.6.0.LTS\lib\</path>
         <kind>archive</kind>
         <file>rts430x_lc_rd_eabi.lib</file>
         <name>exit_gvars.c.obj</name>
      </input_file>
      <input_file id="fl-59">
         <path>D:\ccs\ccs\tools\compiler\ti-cgt-msp430_21.6.0.LTS\lib\</path>
         <kind>archive</kind>
         <file>rts430x_lc_rd_eabi.lib</file>
         <name>cpy_tbl.c.obj</name>
      </input_file>
      <input_file id="fl-5a">
         <path>D:\ccs\ccs\tools\compiler\ti-cgt-msp430_21.6.0.LTS\lib\</path>
         <kind>archive</kind>
         <file>rts430x_lc_rd_eabi.lib</file>
         <name>mpu_init.c.obj</name>
      </input_file>
      <input_file id="fl-5b">
         <path>D:\ccs\ccs\tools\compiler\ti-cgt-msp430_21.6.0.LTS\lib\</path>
         <kind>archive</kind>
         <file>rts430x_lc_rd_eabi.lib</file>
         <name>lsr64.c.obj</name>
      </input_file>
      <input_file id="fl-5c">
         <path>D:\ccs\ccs\tools\compiler\ti-cgt-msp430_21.6.0.LTS\lib\</path>
         <kind>archive</kind>
         <file>rts430x_lc_rd_eabi.lib</file>
         <name>div64u.c.obj</name>
      </input_file>
      <input_file id="fl-5d">
         <path>D:\ccs\ccs\tools\compiler\ti-cgt-msp430_21.6.0.LTS\lib\</path>
         <kind>archive</kind>
         <file>rts430x_lc_rd_eabi.lib</file>
         <name>pre_init.c.obj</name>
      </input_file>
      <input_file id="fl-5e">
         <path>D:\ccs\ccs\tools\compiler\ti-cgt-msp430_21.6.0.LTS\lib\</path>
         <kind>archive</kind>
         <file>rts430x_lc_rd_eabi.lib</file>
         <name>startup.c.obj</name>
      </input_file>
      <input_file id="fl-5f">
         <path>D:\ccs\ccs\tools\compiler\ti-cgt-msp430_21.6.0.LTS\lib\</path>
         <kind>archive</kind>
         <file>rts430x_lc_rd_eabi.lib</file>
         <name>copy_decompress_none.c.obj</name>
      </input_file>
      <input_file id="fl-60">
         <path>D:\ccs\ccs\tools\compiler\ti-cgt-msp430_21.6.0.LTS\lib\</path>
         <kind>archive</kind>
         <file>rts430x_lc_rd_eabi.lib</file>
         <name>copy_decompress_lzss.c.obj</name>
      </input_file>
      <input_file id="fl-61">
         <path>D:\ccs\ccs\tools\compiler\ti-cgt-msp430_21.6.0.LTS\lib\</path>
         <kind>archive</kind>
         <file>rts430x_lc_rd_eabi.lib</file>
         <name>cmpd.c.obj</name>
      </input_file>
      <input_file id="fl-62">
         <path>D:\ccs\ccs\tools\compiler\ti-cgt-msp430_21.6.0.LTS\lib\</path>
         <kind>archive</kind>
         <file>rts430x_lc_rd_eabi.lib</file>
         <name>divd.c.obj</name>
      </input_file>
      <input_file id="fl-63">
         <path>D:\ccs\ccs\tools\compiler\ti-cgt-msp430_21.6.0.LTS\lib\</path>
         <kind>archive</kind>
         <file>rts430x_lc_rd_eabi.lib</file>
         <name>fixdi.c.obj</name>
      </input_file>
      <input_file id="fl-64">
         <path>D:\ccs\ccs\tools\compiler\ti-cgt-msp430_21.6.0.LTS\lib\</path>
         <kind>archive</kind>
         <file>rts430x_lc_rd_eabi.lib</file>
         <name>fixdli.c.obj</name>
      </input_file>
      <input_file id="fl-65">
         <path>D:\ccs\ccs\tools\compiler\ti-cgt-msp430_21.6.0.LTS\lib\</path>
         <kind>archive</kind>
         <file>rts430x_lc_rd_eabi.lib</file>
         <name>fltid.c.obj</name>
      </input_file>
      <input_file id="fl-66">
         <path>D:\ccs\ccs\tools\compiler\ti-cgt-msp430_21.6.0.LTS\lib\</path>
         <kind>archive</kind>
         <file>rts430x_lc_rd_eabi.lib</file>
         <name>fltlid.c.obj</name>
      </input_file>
      <input_file id="fl-67">
         <path>D:\ccs\ccs\tools\compiler\ti-cgt-msp430_21.6.0.LTS\lib\</path>
         <kind>archive</kind>
         <file>rts430x_lc_rd_eabi.lib</file>
         <name>frcdivd.c.obj</name>
      </input_file>
      <input_file id="fl-68">
         <path>D:\ccs\ccs\tools\compiler\ti-cgt-msp430_21.6.0.LTS\lib\</path>
         <kind>archive</kind>
         <file>rts430x_lc_rd_eabi.lib</file>
         <name>mpyd.c.obj</name>
      </input_file>
      <input_file id="fl-69">
         <path>D:\ccs\ccs\tools\compiler\ti-cgt-msp430_21.6.0.LTS\lib\</path>
         <kind>archive</kind>
         <file>rts430x_lc_rd_eabi.lib</file>
         <name>negd.c.obj</name>
      </input_file>
      <input_file id="fl-6a">
         <path>D:\ccs\ccs\tools\compiler\ti-cgt-msp430_21.6.0.LTS\lib\</path>
         <kind>archive</kind>
         <file>rts430x_lc_rd_eabi.lib</file>
         <name>subd.c.obj</name>
      </input_file>
      <input_file id="fl-6b">
         <path>D:\ccs\ccs\tools\compiler\ti-cgt-msp430_21.6.0.LTS\lib\</path>
         <kind>archive</kind>
         <file>rts430x_lc_rd_eabi.lib</file>
         <name>exit.c.obj</name>
      </input_file>
      <input_file id="fl-6c">
         <path>D:\ccs\ccs\tools\compiler\ti-cgt-msp430_21.6.0.LTS\lib\</path>
         <kind>archive</kind>
         <file>rts430x_lc_rd_eabi.lib</file>
         <name>_lock.c.obj</name>
      </input_file>
      <input_file id="fl-6d">
         <path>D:\ccs\ccs\tools\compiler\ti-cgt-msp430_21.6.0.LTS\lib\</path>
         <kind>archive</kind>
         <file>rts430x_lc_rd_eabi.lib</file>
         <name>_ltoa.c.obj</name>
      </input_file>
      <input_file id="fl-6e">
         <path>D:\ccs\ccs\tools\compiler\ti-cgt-msp430_21.6.0.LTS\lib\</path>
         <kind>archive</kind>
         <file>rts430x_lc_rd_eabi.lib</file>
         <name>args_main.c.obj</name>
      </input_file>
      <input_file id="fl-6f">
         <path>D:\ccs\ccs\tools\compiler\ti-cgt-msp430_21.6.0.LTS\lib\</path>
         <kind>archive</kind>
         <file>rts430x_lc_rd_eabi.lib</file>
         <name>atoi.c.obj</name>
      </input_file>
      <input_file id="fl-70">
         <path>D:\ccs\ccs\tools\compiler\ti-cgt-msp430_21.6.0.LTS\lib\</path>
         <kind>archive</kind>
         <file>rts430x_lc_rd_eabi.lib</file>
         <name>ctype.c.obj</name>
      </input_file>
      <input_file id="fl-71">
         <path>D:\ccs\ccs\tools\compiler\ti-cgt-msp430_21.6.0.LTS\lib\</path>
         <kind>archive</kind>
         <file>rts430x_lc_rd_eabi.lib</file>
         <name>defs.c.obj</name>
      </input_file>
      <input_file id="fl-72">
         <path>D:\ccs\ccs\tools\compiler\ti-cgt-msp430_21.6.0.LTS\lib\</path>
         <kind>archive</kind>
         <file>rts430x_lc_rd_eabi.lib</file>
         <name>localtim.c.obj</name>
      </input_file>
      <input_file id="fl-73">
         <path>D:\ccs\ccs\tools\compiler\ti-cgt-msp430_21.6.0.LTS\lib\</path>
         <kind>archive</kind>
         <file>rts430x_lc_rd_eabi.lib</file>
         <name>memccpy.c.obj</name>
      </input_file>
      <input_file id="fl-74">
         <path>D:\ccs\ccs\tools\compiler\ti-cgt-msp430_21.6.0.LTS\lib\</path>
         <kind>archive</kind>
         <file>rts430x_lc_rd_eabi.lib</file>
         <name>memchr.c.obj</name>
      </input_file>
      <input_file id="fl-75">
         <path>D:\ccs\ccs\tools\compiler\ti-cgt-msp430_21.6.0.LTS\lib\</path>
         <kind>archive</kind>
         <file>rts430x_lc_rd_eabi.lib</file>
         <name>memcpy.c.obj</name>
      </input_file>
      <input_file id="fl-76">
         <path>D:\ccs\ccs\tools\compiler\ti-cgt-msp430_21.6.0.LTS\lib\</path>
         <kind>archive</kind>
         <file>rts430x_lc_rd_eabi.lib</file>
         <name>memory.c.obj</name>
      </input_file>
      <input_file id="fl-77">
         <path>D:\ccs\ccs\tools\compiler\ti-cgt-msp430_21.6.0.LTS\lib\</path>
         <kind>archive</kind>
         <file>rts430x_lc_rd_eabi.lib</file>
         <name>memset.c.obj</name>
      </input_file>
      <input_file id="fl-78">
         <path>D:\ccs\ccs\tools\compiler\ti-cgt-msp430_21.6.0.LTS\lib\</path>
         <kind>archive</kind>
         <file>rts430x_lc_rd_eabi.lib</file>
         <name>mktime.c.obj</name>
      </input_file>
      <input_file id="fl-79">
         <path>D:\ccs\ccs\tools\compiler\ti-cgt-msp430_21.6.0.LTS\lib\</path>
         <kind>archive</kind>
         <file>rts430x_lc_rd_eabi.lib</file>
         <name>strchr.c.obj</name>
      </input_file>
      <input_file id="fl-7a">
         <path>D:\ccs\ccs\tools\compiler\ti-cgt-msp430_21.6.0.LTS\lib\</path>
         <kind>archive</kind>
         <file>rts430x_lc_rd_eabi.lib</file>
         <name>strlen.c.obj</name>
      </input_file>
      <input_file id="fl-7b">
         <path>D:\ccs\ccs\tools\compiler\ti-cgt-msp430_21.6.0.LTS\lib\</path>
         <kind>archive</kind>
         <file>rts430x_lc_rd_eabi.lib</file>
         <name>tmzone.c.obj</name>
      </input_file>
      <input_file id="fl-7c">
         <path>D:\ccs\ccs\tools\compiler\ti-cgt-msp430_21.6.0.LTS\lib\</path>
         <kind>archive</kind>
         <file>rts430x_lc_rd_eabi.lib</file>
         <name>toupper.c.obj</name>
      </input_file>
      <input_file id="fl-7d">
         <path>D:\ccs\ccs\tools\compiler\ti-cgt-msp430_21.6.0.LTS\lib\</path>
         <kind>archive</kind>
         <file>rts430x_lc_rd_eabi.lib</file>
         <name>write.c.obj</name>
      </input_file>
      <input_file id="fl-7e">
         <path>D:\ccs\ccs\tools\compiler\ti-cgt-msp430_21.6.0.LTS\lib\</path>
         <kind>archive</kind>
         <file>rts430x_lc_rd_eabi.lib</file>
         <name>host_device.c.obj</name>
      </input_file>
      <input_file id="fl-7f">
         <path>D:\ccs\ccs\tools\compiler\ti-cgt-msp430_21.6.0.LTS\lib\</path>
         <kind>archive</kind>
         <file>rts430x_lc_rd_eabi.lib</file>
         <name>time.c.obj</name>
      </input_file>
      <input_file id="fl-80">
         <path>D:\ccs\ccs\tools\compiler\ti-cgt-msp430_21.6.0.LTS\lib\</path>
         <kind>archive</kind>
         <file>rts430x_lc_rd_eabi.lib</file>
         <name>errno.c.obj</name>
      </input_file>
      <input_file id="fl-81">
         <path>D:\ccs\ccs\tools\compiler\ti-cgt-msp430_21.6.0.LTS\lib\</path>
         <kind>archive</kind>
         <file>rts430x_lc_rd_eabi.lib</file>
         <name>abs.c.obj</name>
      </input_file>
      <input_file id="fl-82">
         <path>D:\ccs\ccs\tools\compiler\ti-cgt-msp430_21.6.0.LTS\lib\</path>
         <kind>archive</kind>
         <file>rts430x_lc_rd_eabi.lib</file>
         <name>wcslen.c.obj</name>
      </input_file>
      <input_file id="fl-83">
         <path>D:\ccs\ccs\tools\compiler\ti-cgt-msp430_21.6.0.LTS\lib\</path>
         <kind>archive</kind>
         <file>rts430x_lc_rd_eabi.lib</file>
         <name>s_frexp.c.obj</name>
      </input_file>
      <input_file id="fl-84">
         <path>D:\ccs\ccs\tools\compiler\ti-cgt-msp430_21.6.0.LTS\lib\</path>
         <kind>archive</kind>
         <file>rts430x_lc_rd_eabi.lib</file>
         <name>s_scalbn.c.obj</name>
      </input_file>
      <input_file id="fl-85">
         <path>D:\ccs\ccs\tools\compiler\ti-cgt-msp430_21.6.0.LTS\lib\</path>
         <kind>archive</kind>
         <file>rts430x_lc_rd_eabi.lib</file>
         <name>fflush.c.obj</name>
      </input_file>
      <input_file id="fl-86">
         <path>D:\ccs\ccs\tools\compiler\ti-cgt-msp430_21.6.0.LTS\lib\</path>
         <kind>archive</kind>
         <file>rts430x_lc_rd_eabi.lib</file>
         <name>fopen.c.obj</name>
      </input_file>
      <input_file id="fl-87">
         <path>D:\ccs\ccs\tools\compiler\ti-cgt-msp430_21.6.0.LTS\lib\</path>
         <kind>archive</kind>
         <file>rts430x_lc_rd_eabi.lib</file>
         <name>fseek.c.obj</name>
      </input_file>
      <input_file id="fl-88">
         <path>D:\ccs\ccs\tools\compiler\ti-cgt-msp430_21.6.0.LTS\lib\</path>
         <kind>archive</kind>
         <file>rts430x_lc_rd_eabi.lib</file>
         <name>asr32.asm.obj</name>
      </input_file>
      <input_file id="fl-89">
         <path>D:\ccs\ccs\tools\compiler\ti-cgt-msp430_21.6.0.LTS\lib\</path>
         <kind>archive</kind>
         <file>rts430x_lc_rd_eabi.lib</file>
         <name>div32s.asm.obj</name>
      </input_file>
      <input_file id="fl-8a">
         <path>D:\ccs\ccs\tools\compiler\ti-cgt-msp430_21.6.0.LTS\lib\</path>
         <kind>archive</kind>
         <file>rts430x_lc_rd_eabi.lib</file>
         <name>lsl32.asm.obj</name>
      </input_file>
      <input_file id="fl-8b">
         <path>D:\ccs\ccs\tools\compiler\ti-cgt-msp430_21.6.0.LTS\lib\</path>
         <kind>archive</kind>
         <file>rts430x_lc_rd_eabi.lib</file>
         <name>lsr32.asm.obj</name>
      </input_file>
      <input_file id="fl-8c">
         <path>D:\ccs\ccs\tools\compiler\ti-cgt-msp430_21.6.0.LTS\lib\</path>
         <kind>archive</kind>
         <file>rts430x_lc_rd_eabi.lib</file>
         <name>lsl64.c.obj</name>
      </input_file>
      <input_file id="fl-8d">
         <path>D:\ccs\ccs\tools\compiler\ti-cgt-msp430_21.6.0.LTS\lib\</path>
         <kind>archive</kind>
         <file>rts430x_lc_rd_eabi.lib</file>
         <name>rem64s.c.obj</name>
      </input_file>
      <input_file id="fl-8e">
         <path>D:\ccs\ccs\tools\compiler\ti-cgt-msp430_21.6.0.LTS\lib\</path>
         <kind>archive</kind>
         <file>rts430x_lc_rd_eabi.lib</file>
         <name>addd.c.obj</name>
      </input_file>
      <input_file id="fl-8f">
         <path>D:\ccs\ccs\tools\compiler\ti-cgt-msp430_21.6.0.LTS\lib\</path>
         <kind>archive</kind>
         <file>rts430x_lc_rd_eabi.lib</file>
         <name>frcmpyd.c.obj</name>
      </input_file>
      <input_file id="fl-90">
         <path>D:\ccs\ccs\tools\compiler\ti-cgt-msp430_21.6.0.LTS\lib\</path>
         <kind>archive</kind>
         <file>rts430x_lc_rd_eabi.lib</file>
         <name>hostclose.c.obj</name>
      </input_file>
      <input_file id="fl-91">
         <path>D:\ccs\ccs\tools\compiler\ti-cgt-msp430_21.6.0.LTS\lib\</path>
         <kind>archive</kind>
         <file>rts430x_lc_rd_eabi.lib</file>
         <name>hostlseek.c.obj</name>
      </input_file>
      <input_file id="fl-92">
         <path>D:\ccs\ccs\tools\compiler\ti-cgt-msp430_21.6.0.LTS\lib\</path>
         <kind>archive</kind>
         <file>rts430x_lc_rd_eabi.lib</file>
         <name>hostopen.c.obj</name>
      </input_file>
      <input_file id="fl-93">
         <path>D:\ccs\ccs\tools\compiler\ti-cgt-msp430_21.6.0.LTS\lib\</path>
         <kind>archive</kind>
         <file>rts430x_lc_rd_eabi.lib</file>
         <name>hostread.c.obj</name>
      </input_file>
      <input_file id="fl-94">
         <path>D:\ccs\ccs\tools\compiler\ti-cgt-msp430_21.6.0.LTS\lib\</path>
         <kind>archive</kind>
         <file>rts430x_lc_rd_eabi.lib</file>
         <name>hostrename.c.obj</name>
      </input_file>
      <input_file id="fl-95">
         <path>D:\ccs\ccs\tools\compiler\ti-cgt-msp430_21.6.0.LTS\lib\</path>
         <kind>archive</kind>
         <file>rts430x_lc_rd_eabi.lib</file>
         <name>hosttime.c.obj</name>
      </input_file>
      <input_file id="fl-96">
         <path>D:\ccs\ccs\tools\compiler\ti-cgt-msp430_21.6.0.LTS\lib\</path>
         <kind>archive</kind>
         <file>rts430x_lc_rd_eabi.lib</file>
         <name>hostunlink.c.obj</name>
      </input_file>
      <input_file id="fl-97">
         <path>D:\ccs\ccs\tools\compiler\ti-cgt-msp430_21.6.0.LTS\lib\</path>
         <kind>archive</kind>
         <file>rts430x_lc_rd_eabi.lib</file>
         <name>hostwrite.c.obj</name>
      </input_file>
      <input_file id="fl-98">
         <path>D:\ccs\ccs\tools\compiler\ti-cgt-msp430_21.6.0.LTS\lib\</path>
         <kind>archive</kind>
         <file>rts430x_lc_rd_eabi.lib</file>
         <name>trgmsg.c.obj</name>
      </input_file>
      <input_file id="fl-99">
         <path>D:\ccs\ccs\tools\compiler\ti-cgt-msp430_21.6.0.LTS\lib\</path>
         <kind>archive</kind>
         <file>rts430x_lc_rd_eabi.lib</file>
         <name>open.c.obj</name>
      </input_file>
      <input_file id="fl-9a">
         <path>D:\ccs\ccs\tools\compiler\ti-cgt-msp430_21.6.0.LTS\lib\</path>
         <kind>archive</kind>
         <file>rts430x_lc_rd_eabi.lib</file>
         <name>lseek.c.obj</name>
      </input_file>
      <input_file id="fl-9b">
         <path>D:\ccs\ccs\tools\compiler\ti-cgt-msp430_21.6.0.LTS\lib\</path>
         <kind>archive</kind>
         <file>rts430x_lc_rd_eabi.lib</file>
         <name>s_copysign.c.obj</name>
      </input_file>
      <input_file id="fl-9c">
         <path>D:\ccs\ccs\tools\compiler\ti-cgt-msp430_21.6.0.LTS\lib\</path>
         <kind>archive</kind>
         <file>rts430x_lc_rd_eabi.lib</file>
         <name>fclose.c.obj</name>
      </input_file>
      <input_file id="fl-9d">
         <path>D:\ccs\ccs\tools\compiler\ti-cgt-msp430_21.6.0.LTS\lib\</path>
         <kind>archive</kind>
         <file>rts430x_lc_rd_eabi.lib</file>
         <name>getdevice.c.obj</name>
      </input_file>
      <input_file id="fl-9e">
         <path>D:\ccs\ccs\tools\compiler\ti-cgt-msp430_21.6.0.LTS\lib\</path>
         <kind>archive</kind>
         <file>rts430x_lc_rd_eabi.lib</file>
         <name>mult3264.asm.obj</name>
      </input_file>
      <input_file id="fl-9f">
         <path>D:\ccs\ccs\tools\compiler\ti-cgt-msp430_21.6.0.LTS\lib\</path>
         <kind>archive</kind>
         <file>rts430x_lc_rd_eabi.lib</file>
         <name>mult64.asm.obj</name>
      </input_file>
      <input_file id="fl-a0">
         <path>D:\ccs\ccs\tools\compiler\ti-cgt-msp430_21.6.0.LTS\lib\</path>
         <kind>archive</kind>
         <file>rts430x_lc_rd_eabi.lib</file>
         <name>asr64.c.obj</name>
      </input_file>
      <input_file id="fl-a1">
         <path>D:\ccs\ccs\tools\compiler\ti-cgt-msp430_21.6.0.LTS\lib\</path>
         <kind>archive</kind>
         <file>rts430x_lc_rd_eabi.lib</file>
         <name>div64s.c.obj</name>
      </input_file>
      <input_file id="fl-a2">
         <path>D:\ccs\ccs\tools\compiler\ti-cgt-msp430_21.6.0.LTS\lib\</path>
         <kind>archive</kind>
         <file>rts430x_lc_rd_eabi.lib</file>
         <name>strcmp.c.obj</name>
      </input_file>
      <input_file id="fl-a3">
         <path>D:\ccs\ccs\tools\compiler\ti-cgt-msp430_21.6.0.LTS\lib\</path>
         <kind>archive</kind>
         <file>rts430x_lc_rd_eabi.lib</file>
         <name>strcpy.c.obj</name>
      </input_file>
      <input_file id="fl-a4">
         <path>D:\ccs\ccs\tools\compiler\ti-cgt-msp430_21.6.0.LTS\lib\</path>
         <kind>archive</kind>
         <file>rts430x_lc_rd_eabi.lib</file>
         <name>strncpy.c.obj</name>
      </input_file>
      <input_file id="fl-a5">
         <path>D:\ccs\ccs\tools\compiler\ti-cgt-msp430_21.6.0.LTS\lib\</path>
         <kind>archive</kind>
         <file>rts430x_lc_rd_eabi.lib</file>
         <name>remove.c.obj</name>
      </input_file>
      <input_file id="fl-a6">
         <path>D:\ccs\ccs\tools\compiler\ti-cgt-msp430_21.6.0.LTS\lib\</path>
         <kind>archive</kind>
         <file>rts430x_lc_rd_eabi.lib</file>
         <name>close.c.obj</name>
      </input_file>
      <input_file id="fl-a7">
         <path>D:\ccs\ccs\tools\compiler\ti-cgt-msp430_21.6.0.LTS\lib\</path>
         <kind>archive</kind>
         <file>rts430x_lc_rd_eabi.lib</file>
         <name>llabs.c.obj</name>
      </input_file>
      <input_file id="fl-a8">
         <path>D:\ccs\ccs\tools\compiler\ti-cgt-msp430_21.6.0.LTS\lib\</path>
         <kind>archive</kind>
         <file>rts430x_lc_rd_eabi.lib</file>
         <name>mult1632.asm.obj</name>
      </input_file>
      <input_file id="fl-a9">
         <path>D:\ccs\ccs\tools\compiler\ti-cgt-msp430_21.6.0.LTS\lib\</path>
         <kind>archive</kind>
         <file>rts430x_lc_rd_eabi.lib</file>
         <name>unlink.c.obj</name>
      </input_file>
   </input_file_list>
   <object_component_list>
      <object_component id="oc-779">
         <name>.bss</name>
         <uninitialized>true</uninitialized>
         <run_address>0x2964</run_address>
         <size>0x4</size>
         <input_file_ref idref="fl-76"/>
      </object_component>
      <object_component id="oc-51b">
         <name>.common:KeyVal</name>
         <uninitialized>true</uninitialized>
         <run_address>0x2998</run_address>
         <size>0x1</size>
      </object_component>
      <object_component id="oc-4a1">
         <name>.common:hour1</name>
         <uninitialized>true</uninitialized>
         <run_address>0x297a</run_address>
         <size>0x2</size>
      </object_component>
      <object_component id="oc-557">
         <name>.common:hour_</name>
         <uninitialized>true</uninitialized>
         <run_address>0x297c</run_address>
         <size>0x2</size>
      </object_component>
      <object_component id="oc-558">
         <name>.common:minute_</name>
         <uninitialized>true</uninitialized>
         <run_address>0x2980</run_address>
         <size>0x2</size>
      </object_component>
      <object_component id="oc-559">
         <name>.common:second_</name>
         <uninitialized>true</uninitialized>
         <run_address>0x2988</run_address>
         <size>0x2</size>
      </object_component>
      <object_component id="oc-49d">
         <name>.common:year</name>
         <uninitialized>true</uninitialized>
         <run_address>0x2992</run_address>
         <size>0x2</size>
      </object_component>
      <object_component id="oc-670">
         <name>.common:year1</name>
         <uninitialized>true</uninitialized>
         <run_address>0x2994</run_address>
         <size>0x2</size>
      </object_component>
      <object_component id="oc-554">
         <name>.common:year_</name>
         <uninitialized>true</uninitialized>
         <run_address>0x2996</run_address>
         <size>0x2</size>
      </object_component>
      <object_component id="oc-49e">
         <name>.common:month</name>
         <uninitialized>true</uninitialized>
         <run_address>0x2982</run_address>
         <size>0x2</size>
      </object_component>
      <object_component id="oc-66f">
         <name>.common:month1</name>
         <uninitialized>true</uninitialized>
         <run_address>0x2984</run_address>
         <size>0x2</size>
      </object_component>
      <object_component id="oc-555">
         <name>.common:month_</name>
         <uninitialized>true</uninitialized>
         <run_address>0x2986</run_address>
         <size>0x2</size>
      </object_component>
      <object_component id="oc-49f">
         <name>.common:day</name>
         <uninitialized>true</uninitialized>
         <run_address>0x2974</run_address>
         <size>0x2</size>
      </object_component>
      <object_component id="oc-556">
         <name>.common:day_</name>
         <uninitialized>true</uninitialized>
         <run_address>0x2976</run_address>
         <size>0x2</size>
      </object_component>
      <object_component id="oc-667">
         <name>.common:dayy</name>
         <uninitialized>true</uninitialized>
         <run_address>0x2978</run_address>
         <size>0x2</size>
      </object_component>
      <object_component id="oc-676">
         <name>.common:week</name>
         <uninitialized>true</uninitialized>
         <run_address>0x2990</run_address>
         <size>0x2</size>
      </object_component>
      <object_component id="oc-4ad">
         <name>.common:key_value</name>
         <uninitialized>true</uninitialized>
         <run_address>0x297e</run_address>
         <size>0x2</size>
      </object_component>
      <object_component id="oc-4a0">
         <name>.common:stop</name>
         <uninitialized>true</uninitialized>
         <run_address>0x298a</run_address>
         <size>0x2</size>
      </object_component>
      <object_component id="oc-541">
         <name>.common:timer_flag</name>
         <uninitialized>true</uninitialized>
         <run_address>0x298e</run_address>
         <size>0x2</size>
      </object_component>
      <object_component id="oc-49a">
         <name>.common:Flash_ptr</name>
         <uninitialized>true</uninitialized>
         <run_address>0x2968</run_address>
         <size>0x4</size>
      </object_component>
      <object_component id="oc-4af">
         <name>.common:temp</name>
         <uninitialized>true</uninitialized>
         <run_address>0x298c</run_address>
         <size>0x2</size>
      </object_component>
      <object_component id="oc-622">
         <name>.common:temperatureDegC</name>
         <uninitialized>true</uninitialized>
         <run_address>0x296c</run_address>
         <size>0x4</size>
      </object_component>
      <object_component id="oc-632">
         <name>.common:temperatureDegF</name>
         <uninitialized>true</uninitialized>
         <run_address>0x2970</run_address>
         <size>0x4</size>
      </object_component>
      <object_component id="oc-768">
         <name>.common:FREEHASH</name>
         <uninitialized>true</uninitialized>
         <run_address>0x2400</run_address>
         <size>0x4bc</size>
      </object_component>
      <object_component id="oc-970">
         <name>.common:__TI_tmpnams</name>
         <uninitialized>true</uninitialized>
         <run_address>0x28bc</run_address>
         <size>0xa0</size>
      </object_component>
      <object_component id="oc-77f">
         <name>.common:parmbuf</name>
         <uninitialized>true</uninitialized>
         <run_address>0x295c</run_address>
         <size>0x8</size>
      </object_component>
      <object_component id="oc-497">
         <name>.data</name>
         <load_address>0x2b16</load_address>
         <run_address>0x2b16</run_address>
         <size>0x2a</size>
         <input_file_ref idref="fl-3"/>
      </object_component>
      <object_component id="oc-677">
         <name>.data:WEEK</name>
         <load_address>0x2b40</load_address>
         <run_address>0x2b40</run_address>
         <size>0x1c</size>
         <input_file_ref idref="fl-3"/>
      </object_component>
      <object_component id="oc-692">
         <name>.data:__TI_cleanup_ptr</name>
         <load_address>0x2b7c</load_address>
         <run_address>0x2b7c</run_address>
         <size>0x4</size>
         <input_file_ref idref="fl-58"/>
      </object_component>
      <object_component id="oc-68f">
         <name>.data:__TI_dtors_ptr</name>
         <load_address>0x2b80</load_address>
         <run_address>0x2b80</run_address>
         <size>0x4</size>
         <input_file_ref idref="fl-58"/>
      </object_component>
      <object_component id="oc-689">
         <name>.data</name>
         <load_address>0x2b8e</load_address>
         <run_address>0x2b8e</run_address>
         <size>0x2</size>
         <input_file_ref idref="fl-6b"/>
      </object_component>
      <object_component id="oc-68c">
         <name>.data:_lock</name>
         <load_address>0x2b84</load_address>
         <run_address>0x2b84</run_address>
         <size>0x4</size>
         <input_file_ref idref="fl-6c"/>
      </object_component>
      <object_component id="oc-695">
         <name>.data:_unlock</name>
         <load_address>0x2b88</load_address>
         <run_address>0x2b88</run_address>
         <size>0x4</size>
         <input_file_ref idref="fl-6c"/>
      </object_component>
      <object_component id="oc-7c8">
         <name>.data:_ftable</name>
         <load_address>0x299a</load_address>
         <run_address>0x299a</run_address>
         <size>0xc8</size>
         <input_file_ref idref="fl-71"/>
      </object_component>
      <object_component id="oc-925">
         <name>.data</name>
         <load_address>0x2b8c</load_address>
         <run_address>0x2b8c</run_address>
         <size>0x2</size>
         <input_file_ref idref="fl-71"/>
      </object_component>
      <object_component id="oc-721">
         <name>.data:local_tm</name>
         <load_address>0x2b5c</load_address>
         <run_address>0x2b5c</run_address>
         <size>0x12</size>
         <input_file_ref idref="fl-72"/>
      </object_component>
      <object_component id="oc-960">
         <name>.data</name>
         <load_address>0x2b90</load_address>
         <run_address>0x2b90</run_address>
         <size>0x2</size>
         <input_file_ref idref="fl-76"/>
      </object_component>
      <object_component id="oc-719">
         <name>.data:_tz</name>
         <load_address>0x2b6e</load_address>
         <run_address>0x2b6e</run_address>
         <size>0xe</size>
         <input_file_ref idref="fl-7b"/>
      </object_component>
      <object_component id="oc-8fb">
         <name>.data:_device</name>
         <load_address>0x2a62</load_address>
         <run_address>0x2a62</run_address>
         <size>0x78</size>
         <input_file_ref idref="fl-7e"/>
      </object_component>
      <object_component id="oc-8bd">
         <name>.data:_stream</name>
         <load_address>0x2ada</load_address>
         <run_address>0x2ada</run_address>
         <size>0x3c</size>
         <input_file_ref idref="fl-7e"/>
      </object_component>
      <object_component id="oc-41a">
         <name>.sysmem</name>
         <uninitialized>true</uninitialized>
         <run_address>0x2cb4</run_address>
         <size>0x8</size>
         <input_file_ref idref="fl-76"/>
      </object_component>
      <object_component id="oc-a58">
         <name>.sysmem</name>
         <uninitialized>true</uninitialized>
         <run_address>0x2cb4</run_address>
         <size>0x0</size>
      </object_component>
      <object_component id="oc-416">
         <name>.stack</name>
         <uninitialized>true</uninitialized>
         <run_address>0x6360</run_address>
         <size>0x4</size>
         <input_file_ref idref="fl-55"/>
      </object_component>
      <object_component id="oc-a57">
         <name>.stack</name>
         <uninitialized>true</uninitialized>
         <run_address>0x6360</run_address>
         <size>0x0</size>
      </object_component>
      <object_component id="oc-55a">
         <name>.text:timer</name>
         <load_address>0x10000</load_address>
         <run_address>0x10000</run_address>
         <size>0x864</size>
         <input_file_ref idref="fl-3"/>
      </object_component>
      <object_component id="oc-548">
         <name>.text:show_alarm</name>
         <load_address>0x10864</load_address>
         <run_address>0x10864</run_address>
         <size>0x77c</size>
         <input_file_ref idref="fl-3"/>
      </object_component>
      <object_component id="oc-54e">
         <name>.text:set_time</name>
         <load_address>0x10fe0</load_address>
         <run_address>0x10fe0</run_address>
         <size>0x6ea</size>
         <input_file_ref idref="fl-3"/>
      </object_component>
      <object_component id="oc-53b">
         <name>.text:calculate</name>
         <load_address>0x116ca</load_address>
         <run_address>0x116ca</run_address>
         <size>0x566</size>
         <input_file_ref idref="fl-3"/>
      </object_component>
      <object_component id="oc-4bf">
         <name>.text:main</name>
         <load_address>0x11c30</load_address>
         <run_address>0x11c30</run_address>
         <size>0x3f4</size>
         <input_file_ref idref="fl-3"/>
      </object_component>
      <object_component id="oc-729">
         <name>.text:__mktime32</name>
         <load_address>0x12024</load_address>
         <run_address>0x12024</run_address>
         <size>0x384</size>
         <input_file_ref idref="fl-78"/>
      </object_component>
      <object_component id="oc-84e">
         <name>.text:__mspabi_divull</name>
         <load_address>0x123a8</load_address>
         <run_address>0x123a8</run_address>
         <size>0x34e</size>
         <input_file_ref idref="fl-5c"/>
      </object_component>
      <object_component id="oc-560">
         <name>.text:show_nowdata</name>
         <load_address>0x126f6</load_address>
         <run_address>0x126f6</run_address>
         <size>0x212</size>
         <input_file_ref idref="fl-3"/>
      </object_component>
      <object_component id="oc-681">
         <name>.text:__localtime32</name>
         <load_address>0x12908</load_address>
         <run_address>0x12908</run_address>
         <size>0x1cc</size>
         <input_file_ref idref="fl-72"/>
      </object_component>
      <object_component id="oc-542">
         <name>.text:temperature</name>
         <load_address>0x12ad4</load_address>
         <run_address>0x12ad4</run_address>
         <size>0x170</size>
         <input_file_ref idref="fl-3"/>
      </object_component>
      <object_component id="oc-6c7">
         <name>.text:search_hash</name>
         <load_address>0x12c44</load_address>
         <run_address>0x12c44</run_address>
         <size>0x15c</size>
         <input_file_ref idref="fl-4"/>
      </object_component>
      <object_component id="oc-7f6">
         <name>.text:__mspabi_divlli</name>
         <load_address>0x12da0</load_address>
         <run_address>0x12da0</run_address>
         <size>0x13c</size>
         <input_file_ref idref="fl-a1"/>
      </object_component>
      <object_component id="oc-81d">
         <name>.text:__TI_printfi_minimal:_setfield___TI_printfi_minimal</name>
         <load_address>0x12edc</load_address>
         <run_address>0x12edc</run_address>
         <size>0x132</size>
         <input_file_ref idref="fl-27"/>
      </object_component>
      <object_component id="oc-62d">
         <name>.text</name>
         <load_address>0x1300e</load_address>
         <run_address>0x1300e</run_address>
         <size>0x132</size>
         <input_file_ref idref="fl-2f"/>
      </object_component>
      <object_component id="oc-522">
         <name>.text:OLED_Init</name>
         <load_address>0x13140</load_address>
         <run_address>0x13140</run_address>
         <size>0x114</size>
         <input_file_ref idref="fl-5"/>
      </object_component>
      <object_component id="oc-4a7">
         <name>.text:key</name>
         <load_address>0x13254</load_address>
         <run_address>0x13254</run_address>
         <size>0x114</size>
         <input_file_ref idref="fl-2"/>
      </object_component>
      <object_component id="oc-918">
         <name>.text:aligned_alloc</name>
         <load_address>0x13368</load_address>
         <run_address>0x13368</run_address>
         <size>0x112</size>
         <input_file_ref idref="fl-76"/>
      </object_component>
      <object_component id="oc-809">
         <name>.text:fputs</name>
         <load_address>0x1347a</load_address>
         <run_address>0x1347a</run_address>
         <size>0xf0</size>
         <input_file_ref idref="fl-29"/>
      </object_component>
      <object_component id="oc-5df">
         <name>.text:getchar1</name>
         <load_address>0x1356a</load_address>
         <run_address>0x1356a</run_address>
         <size>0xf0</size>
         <input_file_ref idref="fl-3"/>
      </object_component>
      <object_component id="oc-648">
         <name>.text:alarm3</name>
         <load_address>0x1365a</load_address>
         <run_address>0x1365a</run_address>
         <size>0xe4</size>
         <input_file_ref idref="fl-3"/>
      </object_component>
      <object_component id="oc-654">
         <name>.text:alarm1</name>
         <load_address>0x1373e</load_address>
         <run_address>0x1373e</run_address>
         <size>0xe2</size>
         <input_file_ref idref="fl-3"/>
      </object_component>
      <object_component id="oc-64e">
         <name>.text:alarm2</name>
         <load_address>0x13820</load_address>
         <run_address>0x13820</run_address>
         <size>0xe2</size>
         <input_file_ref idref="fl-3"/>
      </object_component>
      <object_component id="oc-615">
         <name>.text:free</name>
         <load_address>0x13902</load_address>
         <run_address>0x13902</run_address>
         <size>0xe2</size>
         <input_file_ref idref="fl-76"/>
      </object_component>
      <object_component id="oc-8b1">
         <name>.text:setvbuf</name>
         <load_address>0x139e4</load_address>
         <run_address>0x139e4</run_address>
         <size>0xde</size>
         <input_file_ref idref="fl-2b"/>
      </object_component>
      <object_component id="oc-7d7">
         <name>.text:__TI_printfi_minimal:__TI_printfi_minimal</name>
         <load_address>0x13ac2</load_address>
         <run_address>0x13ac2</run_address>
         <size>0xdc</size>
         <input_file_ref idref="fl-27"/>
      </object_component>
      <object_component id="oc-87a">
         <name>.text:__TI_printfi_minimal:_pproc_diouxp___TI_printfi_minimal</name>
         <load_address>0x13b9e</load_address>
         <run_address>0x13b9e</run_address>
         <size>0xda</size>
         <input_file_ref idref="fl-27"/>
      </object_component>
      <object_component id="oc-623">
         <name>.text</name>
         <load_address>0x13c78</load_address>
         <run_address>0x13c78</run_address>
         <size>0xb8</size>
         <input_file_ref idref="fl-32"/>
      </object_component>
      <object_component id="oc-943">
         <name>.text:HOSTlseek</name>
         <load_address>0x13d30</load_address>
         <run_address>0x13d30</run_address>
         <size>0x9a</size>
         <input_file_ref idref="fl-91"/>
      </object_component>
      <object_component id="oc-810">
         <name>.text:fputc</name>
         <load_address>0x13dca</load_address>
         <run_address>0x13dca</run_address>
         <size>0x90</size>
         <input_file_ref idref="fl-28"/>
      </object_component>
      <object_component id="oc-628">
         <name>.text</name>
         <load_address>0x13e5a</load_address>
         <run_address>0x13e5a</run_address>
         <size>0x90</size>
         <input_file_ref idref="fl-30"/>
      </object_component>
      <object_component id="oc-661">
         <name>.text:get_num4</name>
         <load_address>0x13eea</load_address>
         <run_address>0x13eea</run_address>
         <size>0x8c</size>
         <input_file_ref idref="fl-3"/>
      </object_component>
      <object_component id="oc-61b">
         <name>.text:OLED_ShowNum</name>
         <load_address>0x13f76</load_address>
         <run_address>0x13f76</run_address>
         <size>0x82</size>
         <input_file_ref idref="fl-5"/>
      </object_component>
      <object_component id="oc-85b">
         <name>.text:__TI_wrt_ok</name>
         <load_address>0x13ff8</load_address>
         <run_address>0x13ff8</run_address>
         <size>0x7e</size>
         <input_file_ref idref="fl-2a"/>
      </object_component>
      <object_component id="oc-71">
         <name>.text:decompress:lzss:__TI_decompress_lzss</name>
         <load_address>0x14076</load_address>
         <run_address>0x14076</run_address>
         <size>0x76</size>
         <input_file_ref idref="fl-60"/>
      </object_component>
      <object_component id="oc-94f">
         <name>.text:HOSTrename</name>
         <load_address>0x140ec</load_address>
         <run_address>0x140ec</run_address>
         <size>0x74</size>
         <input_file_ref idref="fl-94"/>
      </object_component>
      <object_component id="oc-91f">
         <name>.text:__TI_closefile</name>
         <load_address>0x14160</load_address>
         <run_address>0x14160</run_address>
         <size>0x74</size>
         <input_file_ref idref="fl-9c"/>
      </object_component>
      <object_component id="oc-65b">
         <name>.text:get_num2</name>
         <load_address>0x141d4</load_address>
         <run_address>0x141d4</run_address>
         <size>0x74</size>
         <input_file_ref idref="fl-3"/>
      </object_component>
      <object_component id="oc-963">
         <name>.text:split</name>
         <load_address>0x14248</load_address>
         <run_address>0x14248</run_address>
         <size>0x74</size>
         <input_file_ref idref="fl-76"/>
      </object_component>
      <object_component id="oc-92b">
         <name>.text:HOSTopen</name>
         <load_address>0x142bc</load_address>
         <run_address>0x142bc</run_address>
         <size>0x70</size>
         <input_file_ref idref="fl-92"/>
      </object_component>
      <object_component id="oc-5be">
         <name>.text:OLED_ShowChar</name>
         <load_address>0x1432c</load_address>
         <run_address>0x1432c</run_address>
         <size>0x6e</size>
         <input_file_ref idref="fl-5"/>
      </object_component>
      <object_component id="oc-93d">
         <name>.text:HOSTwrite</name>
         <load_address>0x1439a</load_address>
         <run_address>0x1439a</run_address>
         <size>0x6c</size>
         <input_file_ref idref="fl-97"/>
      </object_component>
      <object_component id="oc-937">
         <name>.text:HOSTread</name>
         <load_address>0x14406</load_address>
         <run_address>0x14406</run_address>
         <size>0x6a</size>
         <input_file_ref idref="fl-93"/>
      </object_component>
      <object_component id="oc-8ab">
         <name>.text:fseeko</name>
         <load_address>0x14470</load_address>
         <run_address>0x14470</run_address>
         <size>0x6a</size>
         <input_file_ref idref="fl-87"/>
      </object_component>
      <object_component id="oc-642">
         <name>.text</name>
         <load_address>0x144da</load_address>
         <run_address>0x144da</run_address>
         <size>0x68</size>
         <input_file_ref idref="fl-33"/>
      </object_component>
      <object_component id="oc-867">
         <name>.text:__TI_doflush</name>
         <load_address>0x14542</load_address>
         <run_address>0x14542</run_address>
         <size>0x64</size>
         <input_file_ref idref="fl-85"/>
      </object_component>
      <object_component id="oc-60f">
         <name>.text:atoi</name>
         <load_address>0x145a6</load_address>
         <run_address>0x145a6</run_address>
         <size>0x62</size>
         <input_file_ref idref="fl-6f"/>
      </object_component>
      <object_component id="oc-7fc">
         <name>.text:__mpyll</name>
         <load_address>0x14608</load_address>
         <run_address>0x14608</run_address>
         <size>0x5c</size>
         <input_file_ref idref="fl-54"/>
      </object_component>
      <object_component id="oc-96a">
         <name>.text:close</name>
         <load_address>0x14664</load_address>
         <run_address>0x14664</run_address>
         <size>0x5a</size>
         <input_file_ref idref="fl-a6"/>
      </object_component>
      <object_component id="oc-993">
         <name>.text:getdevice</name>
         <load_address>0x146be</load_address>
         <run_address>0x146be</run_address>
         <size>0x5a</size>
         <input_file_ref idref="fl-9d"/>
      </object_component>
      <object_component id="oc-724">
         <name>.text</name>
         <load_address>0x14718</load_address>
         <run_address>0x14718</run_address>
         <size>0x58</size>
         <input_file_ref idref="fl-2e"/>
      </object_component>
      <object_component id="oc-70c">
         <name>.text:HOSTtime</name>
         <load_address>0x14770</load_address>
         <run_address>0x14770</run_address>
         <size>0x56</size>
         <input_file_ref idref="fl-95"/>
      </object_component>
      <object_component id="oc-58b">
         <name>.text:__TI_auto_init_nobinit_nopinit_hold_wdt:__TI_auto_init_nobinit_nopinit_hold_wdt</name>
         <load_address>0x147c6</load_address>
         <run_address>0x147c6</run_address>
         <size>0x54</size>
         <input_file_ref idref="fl-56"/>
      </object_component>
      <object_component id="oc-7b1">
         <name>.text:__mspabi_remlli</name>
         <load_address>0x1481a</load_address>
         <run_address>0x1481a</run_address>
         <size>0x54</size>
         <input_file_ref idref="fl-8d"/>
      </object_component>
      <object_component id="oc-931">
         <name>.text:HOSTclose</name>
         <load_address>0x1486e</load_address>
         <run_address>0x1486e</run_address>
         <size>0x4e</size>
         <input_file_ref idref="fl-90"/>
      </object_component>
      <object_component id="oc-56d">
         <name>.text:exit</name>
         <load_address>0x148bc</load_address>
         <run_address>0x148bc</run_address>
         <size>0x4a</size>
         <input_file_ref idref="fl-6b"/>
      </object_component>
      <object_component id="oc-76a">
         <name>.text:printf</name>
         <load_address>0x14906</load_address>
         <run_address>0x14906</run_address>
         <size>0x4a</size>
         <input_file_ref idref="fl-26"/>
      </object_component>
      <object_component id="oc-638">
         <name>.text</name>
         <load_address>0x14950</load_address>
         <run_address>0x14950</run_address>
         <size>0x4a</size>
         <input_file_ref idref="fl-31"/>
      </object_component>
      <object_component id="oc-823">
         <name>.text:__TI_printfi_minimal:_pproc_str___TI_printfi_minimal</name>
         <load_address>0x1499a</load_address>
         <run_address>0x1499a</run_address>
         <size>0x48</size>
         <input_file_ref idref="fl-27"/>
      </object_component>
      <object_component id="oc-949">
         <name>.text:HOSTunlink</name>
         <load_address>0x149e2</load_address>
         <run_address>0x149e2</run_address>
         <size>0x46</size>
         <input_file_ref idref="fl-96"/>
      </object_component>
      <object_component id="oc-5b0">
         <name>.text:OLED_WR_Byte</name>
         <load_address>0x14a28</load_address>
         <run_address>0x14a28</run_address>
         <size>0x46</size>
         <input_file_ref idref="fl-5"/>
      </object_component>
      <object_component id="oc-528">
         <name>.text:OLED_Clear</name>
         <load_address>0x14a6e</load_address>
         <run_address>0x14a6e</run_address>
         <size>0x40</size>
         <input_file_ref idref="fl-5"/>
      </object_component>
      <object_component id="oc-842">
         <name>.text:__mspabi_srall</name>
         <load_address>0x14aae</load_address>
         <run_address>0x14aae</run_address>
         <size>0x40</size>
         <input_file_ref idref="fl-a0"/>
      </object_component>
      <object_component id="oc-71c">
         <name>.text</name>
         <load_address>0x14aee</load_address>
         <run_address>0x14aee</run_address>
         <size>0x40</size>
         <input_file_ref idref="fl-89"/>
      </object_component>
      <object_component id="oc-78e">
         <name>.text:l_lsl_const</name>
         <load_address>0x14b2e</load_address>
         <run_address>0x14b2e</run_address>
         <size>0x3e</size>
         <input_file_ref idref="fl-8a"/>
      </object_component>
      <object_component id="oc-8d5">
         <name>.text:lseek</name>
         <load_address>0x14b6c</load_address>
         <run_address>0x14b6c</run_address>
         <size>0x3e</size>
         <input_file_ref idref="fl-9a"/>
      </object_component>
      <object_component id="oc-669">
         <name>.text:SMCLK_XT2_4MHZ</name>
         <load_address>0x14baa</load_address>
         <run_address>0x14baa</run_address>
         <size>0x3c</size>
         <input_file_ref idref="fl-3"/>
      </object_component>
      <object_component id="oc-86d">
         <name>.text:write</name>
         <load_address>0x14be6</load_address>
         <run_address>0x14be6</run_address>
         <size>0x3c</size>
         <input_file_ref idref="fl-7d"/>
      </object_component>
      <object_component id="oc-896">
         <name>.text:__mspabi_sllll</name>
         <load_address>0x14c22</load_address>
         <run_address>0x14c22</run_address>
         <size>0x3a</size>
         <input_file_ref idref="fl-8c"/>
      </object_component>
      <object_component id="oc-89c">
         <name>.text:__mspabi_srlll</name>
         <load_address>0x14c5c</load_address>
         <run_address>0x14c5c</run_address>
         <size>0x3a</size>
         <input_file_ref idref="fl-5b"/>
      </object_component>
      <object_component id="oc-52f">
         <name>.text:OLED_ShowString</name>
         <load_address>0x14c96</load_address>
         <run_address>0x14c96</run_address>
         <size>0x36</size>
         <input_file_ref idref="fl-5"/>
      </object_component>
      <object_component id="oc-8e8">
         <name>.text:__TI_cleanup</name>
         <load_address>0x14ccc</load_address>
         <run_address>0x14ccc</run_address>
         <size>0x36</size>
         <input_file_ref idref="fl-86"/>
      </object_component>
      <object_component id="oc-782">
         <name>.text:__TI_writemsg</name>
         <load_address>0x14d02</load_address>
         <run_address>0x14d02</run_address>
         <size>0x36</size>
         <input_file_ref idref="fl-98"/>
      </object_component>
      <object_component id="oc-5e5">
         <name>.text:judge</name>
         <load_address>0x14d38</load_address>
         <run_address>0x14d38</run_address>
         <size>0x36</size>
         <input_file_ref idref="fl-3"/>
      </object_component>
      <object_component id="oc-788">
         <name>.text:__TI_readmsg</name>
         <load_address>0x14d6e</load_address>
         <run_address>0x14d6e</run_address>
         <size>0x32</size>
         <input_file_ref idref="fl-98"/>
      </object_component>
      <object_component id="oc-9b3">
         <name>.text:strncpy</name>
         <load_address>0x14da0</load_address>
         <run_address>0x14da0</run_address>
         <size>0x32</size>
         <input_file_ref idref="fl-a4"/>
      </object_component>
      <object_component id="oc-971">
         <name>.text:unlink</name>
         <load_address>0x14dd2</load_address>
         <run_address>0x14dd2</run_address>
         <size>0x30</size>
         <input_file_ref idref="fl-a9"/>
      </object_component>
      <object_component id="oc-9b9">
         <name>.text:finddevice</name>
         <load_address>0x14e02</load_address>
         <run_address>0x14e02</run_address>
         <size>0x2e</size>
         <input_file_ref idref="fl-9d"/>
      </object_component>
      <object_component id="oc-6ee">
         <name>.text:free_list_insert</name>
         <load_address>0x14e30</load_address>
         <run_address>0x14e30</run_address>
         <size>0x2c</size>
         <input_file_ref idref="fl-76"/>
      </object_component>
      <object_component id="oc-4a2">
         <name>.text</name>
         <load_address>0x14e5c</load_address>
         <run_address>0x14e5c</run_address>
         <size>0x2c</size>
         <input_file_ref idref="fl-2c"/>
      </object_component>
      <object_component id="oc-6e8">
         <name>.text:free_list_remove</name>
         <load_address>0x14e88</load_address>
         <run_address>0x14e88</run_address>
         <size>0x2a</size>
         <input_file_ref idref="fl-76"/>
      </object_component>
      <object_component id="oc-5f7">
         <name>.text:Math</name>
         <load_address>0x14eb2</load_address>
         <run_address>0x14eb2</run_address>
         <size>0x28</size>
         <input_file_ref idref="fl-3"/>
      </object_component>
      <object_component id="oc-5b6">
         <name>.text:OLED_Set_Pos</name>
         <load_address>0x14eda</load_address>
         <run_address>0x14eda</run_address>
         <size>0x28</size>
         <input_file_ref idref="fl-5"/>
      </object_component>
      <object_component id="oc-880">
         <name>.text:memccpy</name>
         <load_address>0x14f02</load_address>
         <run_address>0x14f02</run_address>
         <size>0x26</size>
         <input_file_ref idref="fl-73"/>
      </object_component>
      <object_component id="oc-44c">
         <name>.text:decompress:ZI:__TI_zero_init</name>
         <load_address>0x14f28</load_address>
         <run_address>0x14f28</run_address>
         <size>0x24</size>
         <input_file_ref idref="fl-57"/>
      </object_component>
      <object_component id="oc-63d">
         <name>.text</name>
         <load_address>0x14f4c</load_address>
         <run_address>0x14f4c</run_address>
         <size>0x24</size>
         <input_file_ref idref="fl-34"/>
      </object_component>
      <object_component id="oc-633">
         <name>.text</name>
         <load_address>0x14f70</load_address>
         <run_address>0x14f70</run_address>
         <size>0x24</size>
         <input_file_ref idref="fl-52"/>
      </object_component>
      <object_component id="oc-9ad">
         <name>.text:strchr</name>
         <load_address>0x14f94</load_address>
         <run_address>0x14f94</run_address>
         <size>0x1c</size>
         <input_file_ref idref="fl-79"/>
      </object_component>
      <object_component id="oc-9ce">
         <name>.text:strcmp</name>
         <load_address>0x14fb0</load_address>
         <run_address>0x14fb0</run_address>
         <size>0x1c</size>
         <input_file_ref idref="fl-a2"/>
      </object_component>
      <object_component id="oc-67b">
         <name>.text:__time32</name>
         <load_address>0x14fcc</load_address>
         <run_address>0x14fcc</run_address>
         <size>0x18</size>
         <input_file_ref idref="fl-7f"/>
      </object_component>
      <object_component id="oc-6f5">
         <name>.text:oled_pow</name>
         <load_address>0x14fe4</load_address>
         <run_address>0x14fe4</run_address>
         <size>0x18</size>
         <input_file_ref idref="fl-5"/>
      </object_component>
      <object_component id="oc-671">
         <name>.text</name>
         <load_address>0x14ffc</load_address>
         <run_address>0x14ffc</run_address>
         <size>0x18</size>
         <input_file_ref idref="fl-4f"/>
      </object_component>
      <object_component id="oc-5fd">
         <name>.text:Inshuju</name>
         <load_address>0x15014</load_address>
         <run_address>0x15014</run_address>
         <size>0x16</size>
         <input_file_ref idref="fl-3"/>
      </object_component>
      <object_component id="oc-5eb">
         <name>.text:Putshuju</name>
         <load_address>0x1502a</load_address>
         <run_address>0x1502a</run_address>
         <size>0x16</size>
         <input_file_ref idref="fl-3"/>
      </object_component>
      <object_component id="oc-6e2">
         <name>.text:heap_start</name>
         <load_address>0x15040</load_address>
         <run_address>0x15040</run_address>
         <size>0x16</size>
         <input_file_ref idref="fl-76"/>
      </object_component>
      <object_component id="oc-848">
         <name>.text:llabs</name>
         <load_address>0x15056</load_address>
         <run_address>0x15056</run_address>
         <size>0x16</size>
         <input_file_ref idref="fl-a7"/>
      </object_component>
      <object_component id="oc-861">
         <name>.text:memchr</name>
         <load_address>0x1506c</load_address>
         <run_address>0x1506c</run_address>
         <size>0x16</size>
         <input_file_ref idref="fl-74"/>
      </object_component>
      <object_component id="oc-5d3">
         <name>.text:memset</name>
         <load_address>0x15082</load_address>
         <run_address>0x15082</run_address>
         <size>0x16</size>
         <input_file_ref idref="fl-77"/>
      </object_component>
      <object_component id="oc-5d9">
         <name>.text:min_malloc</name>
         <load_address>0x15098</load_address>
         <run_address>0x15098</run_address>
         <size>0x16</size>
         <input_file_ref idref="fl-4"/>
      </object_component>
      <object_component id="oc-512">
         <name>.text</name>
         <load_address>0x150ae</load_address>
         <run_address>0x150ae</run_address>
         <size>0x16</size>
         <input_file_ref idref="fl-2d"/>
      </object_component>
      <object_component id="oc-609">
         <name>.text:Infuhao</name>
         <load_address>0x150c4</load_address>
         <run_address>0x150c4</run_address>
         <size>0x14</size>
         <input_file_ref idref="fl-3"/>
      </object_component>
      <object_component id="oc-5f1">
         <name>.text:Putfuhao</name>
         <load_address>0x150d8</load_address>
         <run_address>0x150d8</run_address>
         <size>0x14</size>
         <input_file_ref idref="fl-3"/>
      </object_component>
      <object_component id="oc-535">
         <name>.text:init_key</name>
         <load_address>0x150ec</load_address>
         <run_address>0x150ec</run_address>
         <size>0x14</size>
         <input_file_ref idref="fl-2"/>
      </object_component>
      <object_component id="oc-762">
         <name>.text:keyhash</name>
         <load_address>0x15100</load_address>
         <run_address>0x15100</run_address>
         <size>0x14</size>
         <input_file_ref idref="fl-4"/>
      </object_component>
      <object_component id="oc-428">
         <name>.text:memcpy</name>
         <load_address>0x15114</load_address>
         <run_address>0x15114</run_address>
         <size>0x14</size>
         <input_file_ref idref="fl-75"/>
      </object_component>
      <object_component id="oc-77">
         <name>.text:decompress:none:__TI_decompress_none</name>
         <load_address>0x15128</load_address>
         <run_address>0x15128</run_address>
         <size>0x12</size>
         <input_file_ref idref="fl-5f"/>
      </object_component>
      <object_component id="oc-986">
         <name>.text:strcpy</name>
         <load_address>0x1513a</load_address>
         <run_address>0x1513a</run_address>
         <size>0x12</size>
         <input_file_ref idref="fl-a3"/>
      </object_component>
      <object_component id="oc-8a2">
         <name>.text:l_lsr</name>
         <load_address>0x1514c</load_address>
         <run_address>0x1514c</run_address>
         <size>0x10</size>
         <input_file_ref idref="fl-8b"/>
      </object_component>
      <object_component id="oc-603">
         <name>.text:Randfuhao</name>
         <load_address>0x1515c</load_address>
         <run_address>0x1515c</run_address>
         <size>0xe</size>
         <input_file_ref idref="fl-3"/>
      </object_component>
      <object_component id="oc-817">
         <name>.text:strlen</name>
         <load_address>0x1516a</load_address>
         <run_address>0x1516a</run_address>
         <size>0xe</size>
         <input_file_ref idref="fl-7a"/>
      </object_component>
      <object_component id="oc-8e2">
         <name>.text:malloc</name>
         <load_address>0x15178</load_address>
         <run_address>0x15178</run_address>
         <size>0x8</size>
         <input_file_ref idref="fl-76"/>
      </object_component>
      <object_component id="oc-5c7">
         <name>.text:InitOperateNum</name>
         <load_address>0x15180</load_address>
         <run_address>0x15180</run_address>
         <size>0x6</size>
         <input_file_ref idref="fl-3"/>
      </object_component>
      <object_component id="oc-5cd">
         <name>.text:InitOperateSymbol</name>
         <load_address>0x15186</load_address>
         <run_address>0x15186</run_address>
         <size>0x6</size>
         <input_file_ref idref="fl-3"/>
      </object_component>
      <object_component id="oc-7d1">
         <name>.text:_outc</name>
         <load_address>0x1518c</load_address>
         <run_address>0x1518c</run_address>
         <size>0x6</size>
         <input_file_ref idref="fl-26"/>
      </object_component>
      <object_component id="oc-567">
         <name>.text:abort</name>
         <load_address>0x15192</load_address>
         <run_address>0x15192</run_address>
         <size>0x6</size>
         <input_file_ref idref="fl-6b"/>
      </object_component>
      <object_component id="oc-7cb">
         <name>.text:_outs</name>
         <load_address>0x15198</load_address>
         <run_address>0x15198</run_address>
         <size>0x4</size>
         <input_file_ref idref="fl-26"/>
      </object_component>
      <object_component id="oc-4b9">
         <name>.text:_system_pre_init</name>
         <load_address>0x1519c</load_address>
         <run_address>0x1519c</run_address>
         <size>0x4</size>
         <input_file_ref idref="fl-5d"/>
      </object_component>
      <object_component id="oc-738">
         <name>.text:_nop</name>
         <load_address>0x151a0</load_address>
         <run_address>0x151a0</run_address>
         <size>0x2</size>
         <input_file_ref idref="fl-6c"/>
      </object_component>
      <object_component id="oc-69a">
         <name>.text:_system_post_cinit</name>
         <load_address>0x151a2</load_address>
         <run_address>0x151a2</run_address>
         <size>0x2</size>
         <input_file_ref idref="fl-5e"/>
      </object_component>
      <object_component id="oc-43a">
         <name>.text:_isr:TIMER0_A0_ISR</name>
         <load_address>0x8000</load_address>
         <run_address>0x8000</run_address>
         <size>0x292</size>
         <input_file_ref idref="fl-3"/>
      </object_component>
      <object_component id="oc-458">
         <name>.text:_isr:_c_int00_noargs</name>
         <load_address>0x8292</load_address>
         <run_address>0x8292</run_address>
         <size>0x1c</size>
         <input_file_ref idref="fl-55"/>
      </object_component>
      <object_component id="oc-440">
         <name>.text:_isr:ADC12ISR</name>
         <load_address>0x82ae</load_address>
         <run_address>0x82ae</run_address>
         <size>0x16</size>
         <input_file_ref idref="fl-3"/>
      </object_component>
      <object_component id="oc-435">
         <name>.text:_isr:__TI_ISR_TRAP</name>
         <load_address>0x82c4</load_address>
         <run_address>0x82c4</run_address>
         <size>0x8</size>
         <input_file_ref idref="fl-4d"/>
      </object_component>
      <object_component id="oc-a56">
         <name>.cinit..data.load</name>
         <load_address>0x8bc8</load_address>
         <run_address>0x8bc8</run_address>
         <size>0x85</size>
      </object_component>
      <object_component id="oc-a53">
         <name>__TI_handler_table</name>
         <load_address>0x8c4e</load_address>
         <run_address>0x8c4e</run_address>
         <size>0xc</size>
      </object_component>
      <object_component id="oc-a55">
         <name>.cinit..bss.load</name>
         <load_address>0x8c5a</load_address>
         <run_address>0x8c5a</run_address>
         <size>0x6</size>
      </object_component>
      <object_component id="oc-a54">
         <name>__TI_cinit_table</name>
         <load_address>0x8c60</load_address>
         <run_address>0x8c60</run_address>
         <size>0x10</size>
      </object_component>
      <object_component id="oc-6bd">
         <name>.const:.string:F8X16</name>
         <load_address>0x82cc</load_address>
         <run_address>0x82cc</run_address>
         <size>0x5f0</size>
         <input_file_ref idref="fl-5"/>
      </object_component>
      <object_component id="oc-52e">
         <name>.const:.string</name>
         <load_address>0x88bc</load_address>
         <run_address>0x88bc</run_address>
         <size>0x124</size>
         <input_file_ref idref="fl-3"/>
      </object_component>
      <object_component id="oc-6dd">
         <name>.const:.string:_ctypes_</name>
         <load_address>0x89e0</load_address>
         <run_address>0x89e0</run_address>
         <size>0x101</size>
         <input_file_ref idref="fl-70"/>
      </object_component>
      <object_component id="oc-769">
         <name>.const:.string</name>
         <load_address>0x8ae2</load_address>
         <run_address>0x8ae2</run_address>
         <size>0x8c</size>
         <input_file_ref idref="fl-4"/>
      </object_component>
      <object_component id="oc-879">
         <name>.const:.string</name>
         <load_address>0x8b6e</load_address>
         <run_address>0x8b6e</run_address>
         <size>0x26</size>
         <input_file_ref idref="fl-27"/>
      </object_component>
      <object_component id="oc-7ae">
         <name>.const:mon_day</name>
         <load_address>0x8b94</load_address>
         <run_address>0x8b94</run_address>
         <size>0x18</size>
         <input_file_ref idref="fl-78"/>
      </object_component>
      <object_component id="oc-7ab">
         <name>.const:mon_len</name>
         <load_address>0x8bac</load_address>
         <run_address>0x8bac</run_address>
         <size>0x18</size>
         <input_file_ref idref="fl-78"/>
      </object_component>
      <object_component id="oc-518">
         <name>.const:.string:KeyOut</name>
         <load_address>0x8bc4</load_address>
         <run_address>0x8bc4</run_address>
         <size>0x4</size>
         <input_file_ref idref="fl-2"/>
      </object_component>
      <object_component id="oc-7e5">
         <name>.cio</name>
         <uninitialized>true</uninitialized>
         <run_address>0x2b92</run_address>
         <size>0x120</size>
         <input_file_ref idref="fl-98"/>
      </object_component>
      <object_component id="oc-9e5">
[...]
         <object_component_ref idref="oc-63d"/>
      </symbol>
      <symbol id="sm-89b">
         <name>__TI_int37</name>
         <value>0xffca</value>
         <object_component_ref idref="oc-7d"/>
      </symbol>
      <symbol id="sm-89e">
         <name>__TI_int38</name>
         <value>0xffcc</value>
         <object_component_ref idref="oc-7e"/>
      </symbol>
      <symbol id="sm-8a1">
         <name>__TI_int39</name>
         <value>0xffce</value>
         <object_component_ref idref="oc-7f"/>
      </symbol>
      <symbol id="sm-8a4">
         <name>__TI_int40</name>
         <value>0xffd0</value>
         <object_component_ref idref="oc-80"/>
      </symbol>
      <symbol id="sm-8a7">
         <name>__TI_int41</name>
         <value>0xffd2</value>
         <object_component_ref idref="oc-81"/>
      </symbol>
      <symbol id="sm-8aa">
         <name>__TI_int42</name>
         <value>0xffd4</value>
         <object_component_ref idref="oc-82"/>
      </symbol>
      <symbol id="sm-8ad">
         <name>__TI_int43</name>
         <value>0xffd6</value>
         <object_component_ref idref="oc-83"/>
      </symbol>
      <symbol id="sm-8b0">
         <name>__TI_int44</name>
         <value>0xffd8</value>
         <object_component_ref idref="oc-84"/>
      </symbol>
      <symbol id="sm-8b3">
         <name>__TI_int45</name>
         <value>0xffda</value>
         <object_component_ref idref="oc-85"/>
      </symbol>
      <symbol id="sm-8b6">
         <name>__TI_int46</name>
         <value>0xffdc</value>
         <object_component_ref idref="oc-86"/>
      </symbol>
      <symbol id="sm-8b9">
         <name>__TI_int47</name>
         <value>0xffde</value>
         <object_component_ref idref="oc-87"/>
      </symbol>
      <symbol id="sm-8bc">
         <name>__TI_int48</name>
         <value>0xffe0</value>
         <object_component_ref idref="oc-88"/>
      </symbol>
      <symbol id="sm-8bf">
         <name>__TI_int49</name>
         <value>0xffe2</value>
         <object_component_ref idref="oc-89"/>
      </symbol>
      <symbol id="sm-8c2">
         <name>__TI_int50</name>
         <value>0xffe4</value>
         <object_component_ref idref="oc-8a"/>
      </symbol>
      <symbol id="sm-8c5">
         <name>__TI_int51</name>
         <value>0xffe6</value>
         <object_component_ref idref="oc-8b"/>
      </symbol>
      <symbol id="sm-8c8">
         <name>__TI_int52</name>
         <value>0xffe8</value>
         <object_component_ref idref="oc-8c"/>
      </symbol>
      <symbol id="sm-8cb">
         <name>__TI_int55</name>
         <value>0xffee</value>
         <object_component_ref idref="oc-8f"/>
      </symbol>
      <symbol id="sm-8ce">
         <name>__TI_int56</name>
         <value>0xfff0</value>
         <object_component_ref idref="oc-90"/>
      </symbol>
      <symbol id="sm-8d1">
         <name>__TI_int57</name>
         <value>0xfff2</value>
         <object_component_ref idref="oc-91"/>
      </symbol>
      <symbol id="sm-8d4">
         <name>__TI_int58</name>
         <value>0xfff4</value>
         <object_component_ref idref="oc-92"/>
      </symbol>
      <symbol id="sm-8d7">
         <name>__TI_int59</name>
         <value>0xfff6</value>
         <object_component_ref idref="oc-93"/>
      </symbol>
      <symbol id="sm-8da">
         <name>__TI_int60</name>
         <value>0xfff8</value>
         <object_component_ref idref="oc-94"/>
      </symbol>
      <symbol id="sm-8dd">
         <name>__TI_int61</name>
         <value>0xfffa</value>
         <object_component_ref idref="oc-95"/>
      </symbol>
      <symbol id="sm-8e0">
         <name>__TI_int62</name>
         <value>0xfffc</value>
         <object_component_ref idref="oc-96"/>
      </symbol>
      <symbol id="sm-8e8">
         <name>__TI_ISR_TRAP</name>
         <value>0x82c4</value>
         <object_component_ref idref="oc-435"/>
      </symbol>
      <symbol id="sm-8f1">
         <name>__mspabi_mpyi_f5hw</name>
         <value>0x14ffc</value>
         <object_component_ref idref="oc-671"/>
      </symbol>
      <symbol id="sm-8fb">
         <name>__mspabi_mpyl_f5hw</name>
         <value>0x14f70</value>
         <object_component_ref idref="oc-633"/>
      </symbol>
      <symbol id="sm-904">
         <name>__mspabi_mpyll_f5hw</name>
         <value>0x14608</value>
         <object_component_ref idref="oc-7fc"/>
      </symbol>
      <symbol id="sm-914">
         <name>_stack</name>
         <value>0x6360</value>
         <object_component_ref idref="oc-416"/>
      </symbol>
      <symbol id="sm-915">
         <name>_c_int00_noargs</name>
         <value>0x8292</value>
         <object_component_ref idref="oc-458"/>
      </symbol>
      <symbol id="sm-916">
         <name>_reset_vector</name>
         <value>0xfffe</value>
         <object_component_ref idref="oc-419"/>
      </symbol>
      <symbol id="sm-939">
         <name>__TI_auto_init_nobinit_nopinit_hold_wdt</name>
         <value>0x147c6</value>
         <object_component_ref idref="oc-58b"/>
      </symbol>
      <symbol id="sm-94c">
         <name>__TI_zero_init</name>
         <value>0x14f28</value>
         <object_component_ref idref="oc-44c"/>
      </symbol>
      <symbol id="sm-95b">
         <name>__TI_dtors_ptr</name>
         <value>0x2b80</value>
         <object_component_ref idref="oc-68f"/>
      </symbol>
      <symbol id="sm-95c">
         <name>__TI_cleanup_ptr</name>
         <value>0x2b7c</value>
         <object_component_ref idref="oc-692"/>
      </symbol>
      <symbol id="sm-96b">
         <name>__mspabi_srlll</name>
         <value>0x14c5c</value>
         <object_component_ref idref="oc-89c"/>
      </symbol>
      <symbol id="sm-99e">
         <name>__mspabi_divull</name>
         <value>0x123a8</value>
         <object_component_ref idref="oc-84e"/>
      </symbol>
      <symbol id="sm-9a7">
         <name>_system_pre_init</name>
         <value>0x1519c</value>
         <object_component_ref idref="oc-4b9"/>
      </symbol>
      <symbol id="sm-9b0">
         <name>_system_post_cinit</name>
         <value>0x151a2</value>
         <object_component_ref idref="oc-69a"/>
      </symbol>
      <symbol id="sm-9c1">
         <name>__TI_decompress_none</name>
         <value>0x15128</value>
         <object_component_ref idref="oc-77"/>
      </symbol>
      <symbol id="sm-9e4">
         <name>__TI_decompress_lzss</name>
         <value>0x14076</value>
         <object_component_ref idref="oc-71"/>
      </symbol>
      <symbol id="sm-a0b">
         <name>C$$EXIT</name>
         <value>0x15192</value>
         <object_component_ref idref="oc-567"/>
      </symbol>
      <symbol id="sm-a0c">
         <name>abort</name>
         <value>0x15192</value>
         <object_component_ref idref="oc-567"/>
      </symbol>
      <symbol id="sm-a0d">
         <name>__TI_enable_exit_profile_output</name>
         <value>0x2b8e</value>
         <object_component_ref idref="oc-689"/>
      </symbol>
      <symbol id="sm-a0e">
         <name>exit</name>
         <value>0x148bc</value>
         <object_component_ref idref="oc-56d"/>
      </symbol>
      <symbol id="sm-a24">
         <name>_nop</name>
         <value>0x151a0</value>
         <object_component_ref idref="oc-738"/>
      </symbol>
      <symbol id="sm-a25">
         <name>_lock</name>
         <value>0x2b84</value>
         <object_component_ref idref="oc-68c"/>
      </symbol>
      <symbol id="sm-a26">
         <name>_unlock</name>
         <value>0x2b88</value>
         <object_component_ref idref="oc-695"/>
      </symbol>
      <symbol id="sm-a3b">
         <name>atoi</name>
         <value>0x145a6</value>
         <object_component_ref idref="oc-60f"/>
      </symbol>
      <symbol id="sm-a45">
         <name>_ctypes_</name>
         <value>0x89e0</value>
         <object_component_ref idref="oc-6dd"/>
      </symbol>
      <symbol id="sm-a55">
         <name>__TI_tmpnams</name>
         <value>0x28bc</value>
      </symbol>
      <symbol id="sm-a56">
         <name>_ftable</name>
         <value>0x299a</value>
         <object_component_ref idref="oc-7c8"/>
      </symbol>
      <symbol id="sm-a57">
         <name>__TI_ft_end</name>
         <value>0x2b8c</value>
         <object_component_ref idref="oc-925"/>
      </symbol>
      <symbol id="sm-a82">
         <name>__localtime32</name>
         <value>0x12908</value>
         <object_component_ref idref="oc-681"/>
      </symbol>
      <symbol id="sm-a83">
         <name>localtime</name>
         <value>0x12908</value>
         <object_component_ref idref="oc-681"/>
      </symbol>
      <symbol id="sm-a92">
         <name>memccpy</name>
         <value>0x14f02</value>
         <object_component_ref idref="oc-880"/>
      </symbol>
      <symbol id="sm-aa1">
         <name>memchr</name>
         <value>0x1506c</value>
         <object_component_ref idref="oc-861"/>
      </symbol>
      <symbol id="sm-aaf">
         <name>memcpy</name>
         <value>0x15114</value>
         <object_component_ref idref="oc-428"/>
      </symbol>
      <symbol id="sm-b34">
         <name>_sys_memory</name>
         <value>0x2cb4</value>
         <object_component_ref idref="oc-41a"/>
      </symbol>
      <symbol id="sm-b35">
         <name>free</name>
         <value>0x13902</value>
         <object_component_ref idref="oc-615"/>
      </symbol>
      <symbol id="sm-b36">
         <name>memalign</name>
         <value>0x13368</value>
         <object_component_ref idref="oc-918"/>
      </symbol>
      <symbol id="sm-b37">
         <name>malloc</name>
         <value>0x15178</value>
         <object_component_ref idref="oc-8e2"/>
      </symbol>
      <symbol id="sm-b38">
         <name>aligned_alloc</name>
         <value>0x13368</value>
         <object_component_ref idref="oc-918"/>
      </symbol>
      <symbol id="sm-b46">
         <name>memset</name>
         <value>0x15082</value>
         <object_component_ref idref="oc-5d3"/>
      </symbol>
      <symbol id="sm-b7a">
         <name>mktime</name>
         <value>0x12024</value>
         <object_component_ref idref="oc-729"/>
      </symbol>
      <symbol id="sm-b7b">
         <name>__mktime32</name>
         <value>0x12024</value>
         <object_component_ref idref="oc-729"/>
      </symbol>
      <symbol id="sm-b8a">
         <name>strchr</name>
         <value>0x14f94</value>
         <object_component_ref idref="oc-9ad"/>
      </symbol>
      <symbol id="sm-b97">
         <name>strlen</name>
         <value>0x1516a</value>
         <object_component_ref idref="oc-817"/>
      </symbol>
      <symbol id="sm-ba6">
         <name>_tz</name>
         <value>0x2b6e</value>
         <object_component_ref idref="oc-719"/>
      </symbol>
      <symbol id="sm-bbf">
         <name>write</name>
         <value>0x14be6</value>
         <object_component_ref idref="oc-86d"/>
      </symbol>
      <symbol id="sm-bce">
         <name>_stream</name>
         <value>0x2ada</value>
         <object_component_ref idref="oc-8bd"/>
      </symbol>
      <symbol id="sm-bcf">
         <name>_device</name>
         <value>0x2a62</value>
         <object_component_ref idref="oc-8fb"/>
      </symbol>
      <symbol id="sm-be1">
         <name>__time32</name>
         <value>0x14fcc</value>
         <object_component_ref idref="oc-67b"/>
      </symbol>
      <symbol id="sm-be2">
         <name>time</name>
         <value>0x14fcc</value>
         <object_component_ref idref="oc-67b"/>
      </symbol>
      <symbol id="sm-bf8">
         <name>__TI_doflush</name>
         <value>0x14542</value>
         <object_component_ref idref="oc-867"/>
      </symbol>
      <symbol id="sm-c04">
         <name>__TI_cleanup</name>
         <value>0x14ccc</value>
         <object_component_ref idref="oc-8e8"/>
      </symbol>
      <symbol id="sm-c19">
         <name>fseeko</name>
         <value>0x14470</value>
         <object_component_ref idref="oc-8ab"/>
      </symbol>
      <symbol id="sm-c1a">
         <name>fseek</name>
         <value>0x14470</value>
         <object_component_ref idref="oc-8ab"/>
      </symbol>
      <symbol id="sm-c27">
         <name>__mspabi_remli</name>
         <value>0x14aee</value>
         <object_component_ref idref="oc-71c"/>
      </symbol>
      <symbol id="sm-c28">
         <name>__mspabi_divli</name>
         <value>0x14aee</value>
         <object_component_ref idref="oc-71c"/>
      </symbol>
      <symbol id="sm-c30">
         <name>__mspabi_slll_9</name>
         <value>0x14b46</value>
         <object_component_ref idref="oc-78e"/>
      </symbol>
      <symbol id="sm-c31">
         <name>__mspabi_slll_8</name>
         <value>0x14b4a</value>
         <object_component_ref idref="oc-78e"/>
      </symbol>
      <symbol id="sm-c32">
         <name>__mspabi_slll_7</name>
         <value>0x14b4e</value>
         <object_component_ref idref="oc-78e"/>
      </symbol>
      <symbol id="sm-c33">
         <name>__mspabi_slll_6</name>
         <value>0x14b52</value>
         <object_component_ref idref="oc-78e"/>
      </symbol>
      <symbol id="sm-c34">
         <name>__mspabi_slll_5</name>
         <value>0x14b56</value>
         <object_component_ref idref="oc-78e"/>
      </symbol>
      <symbol id="sm-c35">
         <name>__mspabi_slll_4</name>
         <value>0x14b5a</value>
         <object_component_ref idref="oc-78e"/>
      </symbol>
      <symbol id="sm-c36">
         <name>__mspabi_slll_3</name>
         <value>0x14b5e</value>
         <object_component_ref idref="oc-78e"/>
      </symbol>
      <symbol id="sm-c37">
         <name>__mspabi_slll_2</name>
         <value>0x14b62</value>
         <object_component_ref idref="oc-78e"/>
      </symbol>
      <symbol id="sm-c38">
         <name>__mspabi_slll_1</name>
         <value>0x14b66</value>
         <object_component_ref idref="oc-78e"/>
      </symbol>
      <symbol id="sm-c39">
         <name>__mspabi_slll_15</name>
         <value>0x14b2e</value>
         <object_component_ref idref="oc-78e"/>
      </symbol>
      <symbol id="sm-c3a">
         <name>__mspabi_slll_14</name>
         <value>0x14b32</value>
         <object_component_ref idref="oc-78e"/>
      </symbol>
      <symbol id="sm-c3b">
         <name>__mspabi_slll_13</name>
         <value>0x14b36</value>
         <object_component_ref idref="oc-78e"/>
      </symbol>
      <symbol id="sm-c3c">
         <name>__mspabi_slll_12</name>
         <value>0x14b3a</value>
         <object_component_ref idref="oc-78e"/>
      </symbol>
      <symbol id="sm-c3d">
         <name>__mspabi_slll_11</name>
         <value>0x14b3e</value>
         <object_component_ref idref="oc-78e"/>
      </symbol>
      <symbol id="sm-c3e">
         <name>__mspabi_slll_10</name>
         <value>0x14b42</value>
         <object_component_ref idref="oc-78e"/>
      </symbol>
      <symbol id="sm-c48">
         <name>__mspabi_srll</name>
         <value>0x1514c</value>
         <object_component_ref idref="oc-8a2"/>
      </symbol>
      <symbol id="sm-c55">
         <name>__mspabi_sllll</name>
         <value>0x14c22</value>
         <object_component_ref idref="oc-896"/>
      </symbol>
      <symbol id="sm-c61">
         <name>__mspabi_remlli</name>
         <value>0x1481a</value>
         <object_component_ref idref="oc-7b1"/>
      </symbol>
      <symbol id="sm-c6f">
         <name>HOSTclose</name>
         <value>0x1486e</value>
         <object_component_ref idref="oc-931"/>
      </symbol>
      <symbol id="sm-c7b">
         <name>HOSTlseek</name>
         <value>0x13d30</value>
         <object_component_ref idref="oc-943"/>
      </symbol>
      <symbol id="sm-c89">
         <name>parmbuf</name>
         <value>0x295c</value>
      </symbol>
      <symbol id="sm-c8a">
         <name>HOSTopen</name>
         <value>0x142bc</value>
         <object_component_ref idref="oc-92b"/>
      </symbol>
      <symbol id="sm-c97">
         <name>HOSTread</name>
         <value>0x14406</value>
         <object_component_ref idref="oc-937"/>
      </symbol>
      <symbol id="sm-ca3">
         <name>HOSTrename</name>
         <value>0x140ec</value>
         <object_component_ref idref="oc-94f"/>
      </symbol>
      <symbol id="sm-cb6">
         <name>HOSTtime</name>
         <value>0x14770</value>
         <object_component_ref idref="oc-70c"/>
      </symbol>
      <symbol id="sm-cc2">
         <name>HOSTunlink</name>
         <value>0x149e2</value>
         <object_component_ref idref="oc-949"/>
      </symbol>
      <symbol id="sm-ccf">
         <name>HOSTwrite</name>
         <value>0x1439a</value>
         <object_component_ref idref="oc-93d"/>
      </symbol>
      <symbol id="sm-ced">
         <name>__TI_readmsg</name>
         <value>0x14d6e</value>
         <object_component_ref idref="oc-788"/>
      </symbol>
      <symbol id="sm-cee">
         <name>C$$IO$$</name>
         <value>0x14d34</value>
         <object_component_ref idref="oc-782"/>
      </symbol>
      <symbol id="sm-cef">
         <name>_CIOBUF_</name>
         <value>0x2b92</value>
         <object_component_ref idref="oc-7e5"/>
      </symbol>
      <symbol id="sm-cf0">
         <name>__TI_writemsg</name>
         <value>0x14d02</value>
         <object_component_ref idref="oc-782"/>
      </symbol>
      <symbol id="sm-cff">
         <name>lseek</name>
         <value>0x14b6c</value>
         <object_component_ref idref="oc-8d5"/>
      </symbol>
      <symbol id="sm-d11">
         <name>__TI_closefile</name>
         <value>0x14160</value>
         <object_component_ref idref="oc-91f"/>
      </symbol>
      <symbol id="sm-d35">
         <name>finddevice</name>
         <value>0x14e02</value>
         <object_component_ref idref="oc-9b9"/>
      </symbol>
      <symbol id="sm-d36">
         <name>getdevice</name>
         <value>0x146be</value>
         <object_component_ref idref="oc-993"/>
      </symbol>
      <symbol id="sm-d45">
         <name>__mspabi_srall</name>
         <value>0x14aae</value>
         <object_component_ref idref="oc-842"/>
      </symbol>
      <symbol id="sm-d5d">
         <name>__mspabi_divlli</name>
         <value>0x12da0</value>
         <object_component_ref idref="oc-7f6"/>
      </symbol>
      <symbol id="sm-d6b">
         <name>strcmp</name>
         <value>0x14fb0</value>
         <object_component_ref idref="oc-9ce"/>
      </symbol>
      <symbol id="sm-d78">
         <name>strcpy</name>
         <value>0x1513a</value>
         <object_component_ref idref="oc-986"/>
      </symbol>
      <symbol id="sm-d88">
         <name>strncpy</name>
         <value>0x14da0</value>
         <object_component_ref idref="oc-9b3"/>
      </symbol>
      <symbol id="sm-d9b">
         <name>close</name>
         <value>0x14664</value>
         <object_component_ref idref="oc-96a"/>
      </symbol>
      <symbol id="sm-da5">
         <name>llabs</name>
         <value>0x15056</value>
         <object_component_ref idref="oc-848"/>
      </symbol>
      <symbol id="sm-db2">
         <name>unlink</name>
         <value>0x14dd2</value>
         <object_component_ref idref="oc-971"/>
      </symbol>
      <symbol id="sm-db4">
         <name>remove</name>
         <value>0x14dd2</value>
      </symbol>
   </symbol_table>
   <title>Link successful</title>
</link_info>
